<html>
<body>
<pre>
<h1>µVision Build Log</h1>
<h2>Tool Versions:</h2>
IDE-Version: µVision V5.13.0.0
Copyright (C) 2014 ARM Ltd and ARM Germany GmbH. All rights reserved.
License Information: ant Microsoft, Microsoft, LIC=LJWPC-75WAI-QIH5M-X92Z5-CWLZC-382JG
 
Tool Versions:
Toolchain:       MDK-ARM Professional  Version: 5.13.0.0
Toolchain Path:  C:\Keil_v5\ARM\ARMCC\Bin
C Compiler:      Armcc.exe V5.05 update 1 (build 106)
Assembler:       Armasm.exe V5.05 update 1 (build 106)
Linker/Locator:  ArmLink.exe V5.05 update 1 (build 106)
Library Manager: ArmAr.exe V5.05 update 1 (build 106)
Hex Converter:   FromElf.exe V5.05 update 1 (build 106)
CPU DLL:         SARMCM3.DLL V5.13.0.0
Dialog DLL:      DCM.DLL V1.13.1.0
Target DLL:      STLink\ST-LINKIII-KEIL_SWO.dll V2.0.14.0_KEIL
Dialog DLL:      TCM.DLL V1.14.4.0
 
<h2>Project:</h2>
C:\Users\Anton\Documents\Wake_Up\Program_FreeRTOS\MDK-ARM\Program_FreeRTOS.uvprojx
Project File Date:  08/24/2015

<h2>Output:</h2>
Build target 'Program_FreeRTOS Configuration'
compiling main.c...
..\Src\main.c(93): warning:  #177-D: variable "GPIO_InitStruct" was declared but never referenced
  GPIO_InitTypeDef GPIO_InitStruct;
..\Src\main.c(94): warning:  #177-D: variable "treg" was declared but never referenced
        uint32_t treg;  
..\Src\main.c: 2 warnings, 0 errors
linking...
Program Size: Code=19452 RO-data=348 RW-data=156 ZI-data=6212  
FromELF: creating hex file...
"Program_FreeRTOS Configuration\Program_FreeRTOS Configuration.axf" - 0 Error(s), 2 Warning(s).

<h2>Collection of Component include folders:</h2>
  C:\Users\Anton\Documents\Wake_Up\Program_FreeRTOS\MDK-ARM\RTE
  C:\Keil_v5\ARM\PACK\Keil\STM32F1xx_DFP\1.0.5\Device\Include

<h2>Collection of Component Files used:</h2>
</pre>
</body>
</html>
