Component: ARM Compiler 5.05 update 1 (build 106) Tool: armlink [4d0efa]

==============================================================================

Section Cross References

    usbd_cdc.o(i.USBD_CDC_DataOut) refers to usbd_conf.o(i.USBD_LL_GetRxDataSize) for USBD_LL_GetRxDataSize
    usbd_cdc.o(i.USBD_CDC_DeInit) refers to usbd_conf.o(i.USBD_LL_CloseEP) for USBD_LL_CloseEP
    usbd_cdc.o(i.USBD_CDC_DeInit) refers to usbd_conf.o(i.USBD_static_free) for USBD_static_free
    usbd_cdc.o(i.USBD_CDC_GetDeviceQualifierDescriptor) refers to usbd_cdc.o(.data) for .data
    usbd_cdc.o(i.USBD_CDC_GetFSCfgDesc) refers to usbd_cdc.o(.data) for .data
    usbd_cdc.o(i.USBD_CDC_GetHSCfgDesc) refers to usbd_cdc.o(.data) for .data
    usbd_cdc.o(i.USBD_CDC_GetOtherSpeedCfgDesc) refers to usbd_cdc.o(.data) for .data
    usbd_cdc.o(i.USBD_CDC_Init) refers to usbd_conf.o(i.USBD_LL_OpenEP) for USBD_LL_OpenEP
    usbd_cdc.o(i.USBD_CDC_Init) refers to usbd_conf.o(i.USBD_static_malloc) for USBD_static_malloc
    usbd_cdc.o(i.USBD_CDC_Init) refers to usbd_conf.o(i.USBD_LL_PrepareReceive) for USBD_LL_PrepareReceive
    usbd_cdc.o(i.USBD_CDC_ReceivePacket) refers to usbd_conf.o(i.USBD_LL_PrepareReceive) for USBD_LL_PrepareReceive
    usbd_cdc.o(i.USBD_CDC_Setup) refers to usbd_ioreq.o(i.USBD_CtlSendData) for USBD_CtlSendData
    usbd_cdc.o(i.USBD_CDC_Setup) refers to usbd_ioreq.o(i.USBD_CtlPrepareRx) for USBD_CtlPrepareRx
    usbd_cdc.o(i.USBD_CDC_TransmitPacket) refers to usbd_conf.o(i.USBD_LL_Transmit) for USBD_LL_Transmit
    usbd_cdc.o(.data) refers to usbd_cdc.o(i.USBD_CDC_Init) for USBD_CDC_Init
    usbd_cdc.o(.data) refers to usbd_cdc.o(i.USBD_CDC_DeInit) for USBD_CDC_DeInit
    usbd_cdc.o(.data) refers to usbd_cdc.o(i.USBD_CDC_Setup) for USBD_CDC_Setup
    usbd_cdc.o(.data) refers to usbd_cdc.o(i.USBD_CDC_EP0_RxReady) for USBD_CDC_EP0_RxReady
    usbd_cdc.o(.data) refers to usbd_cdc.o(i.USBD_CDC_DataIn) for USBD_CDC_DataIn
    usbd_cdc.o(.data) refers to usbd_cdc.o(i.USBD_CDC_DataOut) for USBD_CDC_DataOut
    usbd_cdc.o(.data) refers to usbd_cdc.o(i.USBD_CDC_GetHSCfgDesc) for USBD_CDC_GetHSCfgDesc
    usbd_cdc.o(.data) refers to usbd_cdc.o(i.USBD_CDC_GetFSCfgDesc) for USBD_CDC_GetFSCfgDesc
    usbd_cdc.o(.data) refers to usbd_cdc.o(i.USBD_CDC_GetOtherSpeedCfgDesc) for USBD_CDC_GetOtherSpeedCfgDesc
    usbd_cdc.o(.data) refers to usbd_cdc.o(i.USBD_CDC_GetDeviceQualifierDescriptor) for USBD_CDC_GetDeviceQualifierDescriptor
    usbd_ioreq.o(i.USBD_CtlContinueRx) refers to usbd_conf.o(i.USBD_LL_PrepareReceive) for USBD_LL_PrepareReceive
    usbd_ioreq.o(i.USBD_CtlContinueSendData) refers to usbd_conf.o(i.USBD_LL_Transmit) for USBD_LL_Transmit
    usbd_ioreq.o(i.USBD_CtlPrepareRx) refers to usbd_conf.o(i.USBD_LL_PrepareReceive) for USBD_LL_PrepareReceive
    usbd_ioreq.o(i.USBD_CtlReceiveStatus) refers to usbd_conf.o(i.USBD_LL_PrepareReceive) for USBD_LL_PrepareReceive
    usbd_ioreq.o(i.USBD_CtlSendData) refers to usbd_conf.o(i.USBD_LL_Transmit) for USBD_LL_Transmit
    usbd_ioreq.o(i.USBD_CtlSendStatus) refers to usbd_conf.o(i.USBD_LL_Transmit) for USBD_LL_Transmit
    usbd_ioreq.o(i.USBD_GetRxCount) refers to usbd_conf.o(i.USBD_LL_GetRxDataSize) for USBD_LL_GetRxDataSize
    usbd_core.o(i.USBD_DeInit) refers to usbd_conf.o(i.USBD_LL_Stop) for USBD_LL_Stop
    usbd_core.o(i.USBD_DeInit) refers to usbd_conf.o(i.USBD_LL_DeInit) for USBD_LL_DeInit
    usbd_core.o(i.USBD_Init) refers to usbd_conf.o(i.USBD_LL_Init) for USBD_LL_Init
    usbd_core.o(i.USBD_LL_DataInStage) refers to usbd_ioreq.o(i.USBD_CtlContinueSendData) for USBD_CtlContinueSendData
    usbd_core.o(i.USBD_LL_DataInStage) refers to usbd_ioreq.o(i.USBD_CtlReceiveStatus) for USBD_CtlReceiveStatus
    usbd_core.o(i.USBD_LL_DataOutStage) refers to usbd_ioreq.o(i.USBD_CtlContinueRx) for USBD_CtlContinueRx
    usbd_core.o(i.USBD_LL_DataOutStage) refers to usbd_ioreq.o(i.USBD_CtlSendStatus) for USBD_CtlSendStatus
    usbd_core.o(i.USBD_LL_Reset) refers to usbd_conf.o(i.USBD_LL_OpenEP) for USBD_LL_OpenEP
    usbd_core.o(i.USBD_LL_SetupStage) refers to usbd_ctlreq.o(i.USBD_ParseSetupRequest) for USBD_ParseSetupRequest
    usbd_core.o(i.USBD_LL_SetupStage) refers to usbd_conf.o(i.USBD_LL_StallEP) for USBD_LL_StallEP
    usbd_core.o(i.USBD_LL_SetupStage) refers to usbd_ctlreq.o(i.USBD_StdDevReq) for USBD_StdDevReq
    usbd_core.o(i.USBD_LL_SetupStage) refers to usbd_ctlreq.o(i.USBD_StdItfReq) for USBD_StdItfReq
    usbd_core.o(i.USBD_LL_SetupStage) refers to usbd_ctlreq.o(i.USBD_StdEPReq) for USBD_StdEPReq
    usbd_core.o(i.USBD_Start) refers to usbd_conf.o(i.USBD_LL_Start) for USBD_LL_Start
    usbd_core.o(i.USBD_Stop) refers to usbd_conf.o(i.USBD_LL_Stop) for USBD_LL_Stop
    usbd_ctlreq.o(i.USBD_CtlError) refers to usbd_conf.o(i.USBD_LL_StallEP) for USBD_LL_StallEP
    usbd_ctlreq.o(i.USBD_GetDescriptor) refers to usbd_ctlreq.o(i.USBD_CtlError) for USBD_CtlError
    usbd_ctlreq.o(i.USBD_GetDescriptor) refers to usbd_ioreq.o(i.USBD_CtlSendData) for USBD_CtlSendData
[...]
    .ARM.Collect$$$$00002712                 0x080000fc   Section        4  entry2.o(.ARM.Collect$$$$00002712)
    __lit__00000000                          0x080000fc   Data           4  entry2.o(.ARM.Collect$$$$00002712)
    .emb_text                                0x08000100   Section      162  port.o(.emb_text)
    .text                                    0x080001a4   Section       36  startup_stm32f103xb.o(.text)
    .text                                    0x080001c8   Section        0  memcpya.o(.text)
    .text                                    0x080001ec   Section        0  memseta.o(.text)
    .text                                    0x08000210   Section        0  uidiv.o(.text)
    .text                                    0x0800023c   Section       36  init.o(.text)
    i.ADC_ConversionStop_Disable             0x08000260   Section        0  stm32f1xx_hal_adc.o(i.ADC_ConversionStop_Disable)
    i.ADC_Enable                             0x080002ac   Section        0  stm32f1xx_hal_adc.o(i.ADC_Enable)
    i.ADC_Init_my                            0x0800031c   Section        0  adc_my.o(i.ADC_Init_my)
    i.EXTI0_IRQHandler                       0x08000388   Section        0  stm32f1xx_it.o(i.EXTI0_IRQHandler)
    i.HAL_ADCEx_InjectedConfigChannel        0x080003b8   Section        0  stm32f1xx_hal_adc_ex.o(i.HAL_ADCEx_InjectedConfigChannel)
    i.HAL_ADCEx_InjectedGetValue             0x08000604   Section        0  stm32f1xx_hal_adc_ex.o(i.HAL_ADCEx_InjectedGetValue)
    i.HAL_ADC_ConfigChannel                  0x08000630   Section        0  stm32f1xx_hal_adc.o(i.HAL_ADC_ConfigChannel)
    i.HAL_ADC_GetValue                       0x08000794   Section        0  stm32f1xx_hal_adc.o(i.HAL_ADC_GetValue)
    i.HAL_ADC_Init                           0x0800079c   Section        0  stm32f1xx_hal_adc.o(i.HAL_ADC_Init)
    i.HAL_ADC_MspInit                        0x080008a4   Section        0  stm32f1xx_hal_msp.o(i.HAL_ADC_MspInit)
    i.HAL_ADC_PollForConversion              0x080008e4   Section        0  stm32f1xx_hal_adc.o(i.HAL_ADC_PollForConversion)
    i.HAL_ADC_Start                          0x080009f4   Section        0  stm32f1xx_hal_adc.o(i.HAL_ADC_Start)
    i.HAL_Delay                              0x08000a7c   Section        0  stm32f1xx_hal.o(i.HAL_Delay)
    i.HAL_GPIO_Init                          0x08000a94   Section        0  stm32f1xx_hal_gpio.o(i.HAL_GPIO_Init)
    i.HAL_GPIO_ReadPin                       0x08000c50   Section        0  stm32f1xx_hal_gpio.o(i.HAL_GPIO_ReadPin)
    i.HAL_GPIO_TogglePin                     0x08000c5a   Section        0  stm32f1xx_hal_gpio.o(i.HAL_GPIO_TogglePin)
    i.HAL_GPIO_WritePin                      0x08000c62   Section        0  stm32f1xx_hal_gpio.o(i.HAL_GPIO_WritePin)
    i.HAL_GetTick                            0x08000c6c   Section        0  stm32f1xx_hal.o(i.HAL_GetTick)
    i.HAL_I2C_Init                           0x08000c78   Section        0  stm32f1xx_hal_i2c.o(i.HAL_I2C_Init)
    i.HAL_I2C_MspInit                        0x08000d54   Section        0  stm32f1xx_hal_msp.o(i.HAL_I2C_MspInit)
    i.HAL_IncTick                            0x08000d98   Section        0  stm32f1xx_hal.o(i.HAL_IncTick)
    i.HAL_Init                               0x08000da8   Section        0  stm32f1xx_hal.o(i.HAL_Init)
    i.HAL_InitTick                           0x08000dcc   Section        0  stm32f1xx_hal.o(i.HAL_InitTick)
    i.HAL_MspInit                            0x08000df0   Section        0  stm32f1xx_hal_msp.o(i.HAL_MspInit)
    i.HAL_NVIC_EnableIRQ                     0x08000e2c   Section        0  stm32f1xx_hal_cortex.o(i.HAL_NVIC_EnableIRQ)
    i.HAL_NVIC_SetPriority                   0x08000e44   Section        0  stm32f1xx_hal_cortex.o(i.HAL_NVIC_SetPriority)
    i.HAL_NVIC_SetPriorityGrouping           0x08000e84   Section        0  stm32f1xx_hal_cortex.o(i.HAL_NVIC_SetPriorityGrouping)
    i.HAL_PCD_DataInStageCallback            0x08000ea8   Section        0  usbd_conf.o(i.HAL_PCD_DataInStageCallback)
    i.HAL_PCD_DataOutStageCallback           0x08000eb6   Section        0  usbd_conf.o(i.HAL_PCD_DataOutStageCallback)
    i.HAL_PCD_EP_ClrStall                    0x08000ec6   Section        0  stm32f1xx_hal_pcd.o(i.HAL_PCD_EP_ClrStall)
    i.HAL_PCD_EP_Open                        0x08000f0e   Section        0  stm32f1xx_hal_pcd.o(i.HAL_PCD_EP_Open)
    i.HAL_PCD_EP_Receive                     0x08000f52   Section        0  stm32f1xx_hal_pcd.o(i.HAL_PCD_EP_Receive)
    i.HAL_PCD_EP_SetStall                    0x08000f92   Section        0  stm32f1xx_hal_pcd.o(i.HAL_PCD_EP_SetStall)
    i.HAL_PCD_EP_Transmit                    0x08000fe8   Section        0  stm32f1xx_hal_pcd.o(i.HAL_PCD_EP_Transmit)
    i.HAL_PCD_IRQHandler                     0x08001026   Section        0  stm32f1xx_hal_pcd.o(i.HAL_PCD_IRQHandler)
    i.HAL_PCD_ResetCallback                  0x08001130   Section        0  usbd_conf.o(i.HAL_PCD_ResetCallback)
    i.HAL_PCD_ResumeCallback                 0x0800114a   Section        0  usbd_conf.o(i.HAL_PCD_ResumeCallback)
    i.HAL_PCD_SOFCallback                    0x08001152   Section        0  usbd_conf.o(i.HAL_PCD_SOFCallback)
    i.HAL_PCD_SetAddress                     0x0800115a   Section        0  stm32f1xx_hal_pcd.o(i.HAL_PCD_SetAddress)
    i.HAL_PCD_SetupStageCallback             0x08001182   Section        0  usbd_conf.o(i.HAL_PCD_SetupStageCallback)
    i.HAL_PCD_SuspendCallback                0x08001190   Section        0  usbd_conf.o(i.HAL_PCD_SuspendCallback)
    i.HAL_PWR_EnableBkUpAccess               0x080011b4   Section        0  stm32f1xx_hal_pwr.o(i.HAL_PWR_EnableBkUpAccess)
    i.HAL_RCCEx_GetPeriphCLKFreq             0x080011cc   Section        0  stm32f1xx_hal_rcc_ex.o(i.HAL_RCCEx_GetPeriphCLKFreq)
    i.HAL_RCCEx_PeriphCLKConfig              0x080012bc   Section        0  stm32f1xx_hal_rcc_ex.o(i.HAL_RCCEx_PeriphCLKConfig)
    i.HAL_RCC_ClockConfig                    0x080013e8   Section        0  stm32f1xx_hal_rcc_ex.o(i.HAL_RCC_ClockConfig)
    i.HAL_RCC_GetHCLKFreq                    0x08001670   Section        0  stm32f1xx_hal_rcc.o(i.HAL_RCC_GetHCLKFreq)
    i.HAL_RCC_GetPCLK1Freq                   0x080016a4   Section        0  stm32f1xx_hal_rcc.o(i.HAL_RCC_GetPCLK1Freq)
    i.HAL_RCC_GetPCLK2Freq                   0x080016d0   Section        0  stm32f1xx_hal_rcc.o(i.HAL_RCC_GetPCLK2Freq)
    i.HAL_RCC_GetSysClockFreq                0x080016fc   Section        0  stm32f1xx_hal_rcc.o(i.HAL_RCC_GetSysClockFreq)
    i.HAL_RCC_OscConfig                      0x08001784   Section        0  stm32f1xx_hal_rcc.o(i.HAL_RCC_OscConfig)
    i.HAL_RTCEx_RTCEventErrorCallback        0x08001e4e   Section        0  stm32f1xx_hal_rtc_ex.o(i.HAL_RTCEx_RTCEventErrorCallback)
    i.HAL_RTC_GetAlarm                       0x08001e50   Section        0  stm32f1xx_hal_rtc.o(i.HAL_RTC_GetAlarm)
    i.HAL_RTC_GetState                       0x08001eb6   Section        0  stm32f1xx_hal_rtc.o(i.HAL_RTC_GetState)
    i.HAL_RTC_GetTime                        0x08001eba   Section        0  stm32f1xx_hal_rtc.o(i.HAL_RTC_GetTime)
    i.HAL_RTC_Init                           0x08001f94   Section        0  stm32f1xx_hal_rtc.o(i.HAL_RTC_Init)
    i.HAL_RTC_MspInit                        0x08002034   Section        0  stm32f1xx_hal_msp.o(i.HAL_RTC_MspInit)
    i.HAL_RTC_SetAlarm_IT                    0x08002078   Section        0  stm32f1xx_hal_rtc.o(i.HAL_RTC_SetAlarm_IT)
    i.HAL_RTC_SetDate                        0x08002160   Section        0  stm32f1xx_hal_rtc.o(i.HAL_RTC_SetDate)
    i.HAL_RTC_SetTime                        0x08002224   Section        0  stm32f1xx_hal_rtc.o(i.HAL_RTC_SetTime)
    i.HAL_RTC_WaitForSynchro                 0x080022d0   Section        0  stm32f1xx_hal_rtc.o(i.HAL_RTC_WaitForSynchro)
    i.HAL_SPI_Init                           0x0800230c   Section        0  stm32f1xx_hal_spi_ex.o(i.HAL_SPI_Init)
    i.HAL_SPI_MspInit                        0x08002394   Section        0  stm32f1xx_hal_msp.o(i.HAL_SPI_MspInit)
    i.HAL_SYSTICK_CLKSourceConfig            0x080023ec   Section        0  stm32f1xx_hal_cortex.o(i.HAL_SYSTICK_CLKSourceConfig)
    i.HAL_SYSTICK_Config                     0x08002404   Section        0  stm32f1xx_hal_cortex.o(i.HAL_SYSTICK_Config)
    i.HAL_TIMEx_ConfigBreakDeadTime          0x0800242c   Section        0  stm32f1xx_hal_tim_ex.o(i.HAL_TIMEx_ConfigBreakDeadTime)
    i.HAL_TIMEx_MasterConfigSynchronization  0x0800246e   Section        0  stm32f1xx_hal_tim_ex.o(i.HAL_TIMEx_MasterConfigSynchronization)
    i.HAL_TIM_OC_ConfigChannel               0x080024be   Section        0  stm32f1xx_hal_tim.o(i.HAL_TIM_OC_ConfigChannel)
    i.HAL_TIM_OC_Init                        0x08002514   Section        0  stm32f1xx_hal_tim.o(i.HAL_TIM_OC_Init)
    i.HAL_TIM_OC_MspInit                     0x0800254a   Section        0  stm32f1xx_hal_tim.o(i.HAL_TIM_OC_MspInit)
    i.HAL_TIM_PWM_ConfigChannel              0x0800254c   Section        0  stm32f1xx_hal_tim.o(i.HAL_TIM_PWM_ConfigChannel)
    i.HAL_TIM_PWM_Init                       0x0800261c   Section        0  stm32f1xx_hal_tim.o(i.HAL_TIM_PWM_Init)
    i.HAL_TIM_PWM_MspInit                    0x08002654   Section        0  stm32f1xx_hal_msp.o(i.HAL_TIM_PWM_MspInit)
    i.I2C1_Init_my                           0x080026ac   Section        0  i2c_my.o(i.I2C1_Init_my)
    i.I2C_AcknowledgeConfig                  0x080026dc   Section        0  stm32f10x_i2c.o(i.I2C_AcknowledgeConfig)
    i.I2C_CheckEvent                         0x080026f2   Section        0  stm32f10x_i2c.o(i.I2C_CheckEvent)
    i.I2C_GenerateSTART                      0x0800270a   Section        0  stm32f10x_i2c.o(i.I2C_GenerateSTART)
    i.I2C_GenerateSTOP                       0x08002720   Section        0  stm32f10x_i2c.o(i.I2C_GenerateSTOP)
    i.I2C_ReceiveData                        0x08002736   Section        0  stm32f10x_i2c.o(i.I2C_ReceiveData)
    i.I2C_Send7bitAddress                    0x0800273c   Section        0  stm32f10x_i2c.o(i.I2C_Send7bitAddress)
    i.I2C_SendData                           0x0800274c   Section        0  stm32f10x_i2c.o(i.I2C_SendData)
    i.L3G4200_ReadReg                        0x08002750   Section        0  i2c_my.o(i.L3G4200_ReadReg)
    i.LM75_RW                                0x08002820   Section        0  main.o(i.LM75_RW)
    i.LM75_ReadConf                          0x08002850   Section        0  lm75.o(i.LM75_ReadConf)
    i.LM75_ReadReg                           0x08002908   Section        0  lm75.o(i.LM75_ReadReg)
    i.LM75_Temperature                       0x080029d8   Section        0  lm75.o(i.LM75_Temperature)
    i.LM75_WriteConf                         0x08002a14   Section        0  lm75.o(i.LM75_WriteConf)
    i.MX_GPIO_Init                           0x08002a94   Section        0  main.o(i.MX_GPIO_Init)
    MX_GPIO_Init                             0x08002a95   Thumb Code   244  main.o(i.MX_GPIO_Init)
    i.MX_SPI1_Init                           0x08002b9c   Section        0  main.o(i.MX_SPI1_Init)
    MX_SPI1_Init                             0x08002b9d   Thumb Code    46  main.o(i.MX_SPI1_Init)
    i.MX_TIM1_Init                           0x08002bd4   Section        0  main.o(i.MX_TIM1_Init)
    MX_TIM1_Init                             0x08002bd5   Thumb Code   124  main.o(i.MX_TIM1_Init)
    i.NVIC_SetPriority                       0x08002c58   Section        0  stm32f1xx_hal_cortex.o(i.NVIC_SetPriority)
    NVIC_SetPriority                         0x08002c59   Thumb Code    32  stm32f1xx_hal_cortex.o(i.NVIC_SetPriority)
    i.PCD_EP_ISR_Handler                     0x08002c78   Section        0  stm32f1xx_hal_pcd.o(i.PCD_EP_ISR_Handler)
    PCD_EP_ISR_Handler                       0x08002c79   Thumb Code   866  stm32f1xx_hal_pcd.o(i.PCD_EP_ISR_Handler)
    i.RTC_AlarmIRQ_function                  0x08002fdc   Section        0  rtc_my.o(i.RTC_AlarmIRQ_function)
    i.RTC_Alarm_IRQHandler                   0x08003038   Section        0  stm32f1xx_it.o(i.RTC_Alarm_IRQHandler)
    i.RTC_Bcd2ToByte                         0x0800303c   Section        0  stm32f1xx_hal_rtc.o(i.RTC_Bcd2ToByte)
    RTC_Bcd2ToByte                           0x0800303d   Thumb Code    18  stm32f1xx_hal_rtc.o(i.RTC_Bcd2ToByte)
    i.RTC_ByteToBcd2                         0x0800304e   Section        0  stm32f1xx_hal_rtc.o(i.RTC_ByteToBcd2)
    RTC_ByteToBcd2                           0x0800304f   Thumb Code    22  stm32f1xx_hal_rtc.o(i.RTC_ByteToBcd2)
    i.RTC_DateUpdate                         0x08003064   Section        0  stm32f1xx_hal_rtc.o(i.RTC_DateUpdate)
    RTC_DateUpdate                           0x08003065   Thumb Code   174  stm32f1xx_hal_rtc.o(i.RTC_DateUpdate)
    i.RTC_EnterInitMode                      0x08003112   Section        0  stm32f1xx_hal_rtc.o(i.RTC_EnterInitMode)
    RTC_EnterInitMode                        0x08003113   Thumb Code    52  stm32f1xx_hal_rtc.o(i.RTC_EnterInitMode)
    i.RTC_ExitInitMode                       0x08003148   Section        0  stm32f1xx_hal_rtc.o(i.RTC_ExitInitMode)
    RTC_ExitInitMode                         0x08003149   Thumb Code    54  stm32f1xx_hal_rtc.o(i.RTC_ExitInitMode)
    i.RTC_IRQHandler                         0x0800317e   Section        0  stm32f1xx_it.o(i.RTC_IRQHandler)
    i.RTC_IRQ_function                       0x08003184   Section        0  rtc_my.o(i.RTC_IRQ_function)
    i.RTC_ReadAlarmCounter                   0x080031d0   Section        0  stm32f1xx_hal_rtc.o(i.RTC_ReadAlarmCounter)
    RTC_ReadAlarmCounter                     0x080031d1   Thumb Code    14  stm32f1xx_hal_rtc.o(i.RTC_ReadAlarmCounter)
    i.RTC_ReadTimeCounter                    0x080031de   Section        0  stm32f1xx_hal_rtc.o(i.RTC_ReadTimeCounter)
    RTC_ReadTimeCounter                      0x080031df   Thumb Code    32  stm32f1xx_hal_rtc.o(i.RTC_ReadTimeCounter)
    i.RTC_WeekDayNum                         0x080031fe   Section        0  stm32f1xx_hal_rtc.o(i.RTC_WeekDayNum)
    RTC_WeekDayNum                           0x080031ff   Thumb Code    86  stm32f1xx_hal_rtc.o(i.RTC_WeekDayNum)
    i.RTC_WriteAlarmCounter                  0x08003254   Section        0  stm32f1xx_hal_rtc.o(i.RTC_WriteAlarmCounter)
    RTC_WriteAlarmCounter                    0x08003255   Thumb Code    40  stm32f1xx_hal_rtc.o(i.RTC_WriteAlarmCounter)
    i.RTC_WriteTimeCounter                   0x0800327c   Section        0  stm32f1xx_hal_rtc.o(i.RTC_WriteTimeCounter)
    RTC_WriteTimeCounter                     0x0800327d   Thumb Code    40  stm32f1xx_hal_rtc.o(i.RTC_WriteTimeCounter)
    i.RTC_my_Init                            0x080032a4   Section        0  rtc_my.o(i.RTC_my_Init)
    i.StartDefaultTask                       0x08003338   Section        0  main.o(i.StartDefaultTask)
    i.SysTick_Handler                        0x080033f4   Section        0  stm32f1xx_it.o(i.SysTick_Handler)
    i.SystemClock_Config                     0x08003420   Section        0  main.o(i.SystemClock_Config)
    i.SystemInit                             0x0800348c   Section        0  system_stm32f1xx.o(i.SystemInit)
    i.TIM_Base_SetConfig                     0x080034d4   Section        0  stm32f1xx_hal_tim.o(i.TIM_Base_SetConfig)
    i.TIM_OC1_SetConfig                      0x08003538   Section        0  stm32f1xx_hal_tim.o(i.TIM_OC1_SetConfig)
    TIM_OC1_SetConfig                        0x08003539   Thumb Code    74  stm32f1xx_hal_tim.o(i.TIM_OC1_SetConfig)
    i.TIM_OC2_SetConfig                      0x08003588   Section        0  stm32f1xx_hal_tim.o(i.TIM_OC2_SetConfig)
    i.TIM_OC3_SetConfig                      0x080035e0   Section        0  stm32f1xx_hal_tim.o(i.TIM_OC3_SetConfig)
    TIM_OC3_SetConfig                        0x080035e1   Thumb Code    82  stm32f1xx_hal_tim.o(i.TIM_OC3_SetConfig)
    i.TIM_OC4_SetConfig                      0x08003638   Section        0  stm32f1xx_hal_tim.o(i.TIM_OC4_SetConfig)
    TIM_OC4_SetConfig                        0x08003639   Thumb Code    64  stm32f1xx_hal_tim.o(i.TIM_OC4_SetConfig)
    i.USBD_ClrClassConfig                    0x0800367c   Section        0  usbd_core.o(i.USBD_ClrClassConfig)
    i.USBD_CtlContinueRx                     0x0800368a   Section        0  usbd_ioreq.o(i.USBD_CtlContinueRx)
    i.USBD_CtlContinueSendData               0x0800369a   Section        0  usbd_ioreq.o(i.USBD_CtlContinueSendData)
    i.USBD_CtlError                          0x080036aa   Section        0  usbd_ctlreq.o(i.USBD_CtlError)
    i.USBD_CtlReceiveStatus                  0x080036c0   Section        0  usbd_ioreq.o(i.USBD_CtlReceiveStatus)
    i.USBD_CtlSendData                       0x080036d6   Section        0  usbd_ioreq.o(i.USBD_CtlSendData)
    i.USBD_CtlSendStatus                     0x080036f0   Section        0  usbd_ioreq.o(i.USBD_CtlSendStatus)
    i.USBD_GetDescriptor                     0x08003706   Section        0  usbd_ctlreq.o(i.USBD_GetDescriptor)
    USBD_GetDescriptor                       0x08003707   Thumb Code   224  usbd_ctlreq.o(i.USBD_GetDescriptor)
    i.USBD_LL_ClearStallEP                   0x080037e6   Section        0  usbd_conf.o(i.USBD_LL_ClearStallEP)
    i.USBD_LL_DataInStage                    0x080037f4   Section        0  usbd_core.o(i.USBD_LL_DataInStage)
    i.USBD_LL_DataOutStage                   0x08003894   Section        0  usbd_core.o(i.USBD_LL_DataOutStage)
    i.USBD_LL_IsStallEP                      0x080038fe   Section        0  usbd_conf.o(i.USBD_LL_IsStallEP)
    i.USBD_LL_OpenEP                         0x0800391a   Section        0  usbd_conf.o(i.USBD_LL_OpenEP)
    i.USBD_LL_PrepareReceive                 0x0800392e   Section        0  usbd_conf.o(i.USBD_LL_PrepareReceive)
    i.USBD_LL_Reset                          0x0800393c   Section        0  usbd_core.o(i.USBD_LL_Reset)
    i.USBD_LL_Resume                         0x0800397a   Section        0  usbd_core.o(i.USBD_LL_Resume)
    i.USBD_LL_SOF                            0x08003986   Section        0  usbd_core.o(i.USBD_LL_SOF)
    i.USBD_LL_SetSpeed                       0x0800399e   Section        0  usbd_core.o(i.USBD_LL_SetSpeed)
    i.USBD_LL_SetUSBAddress                  0x080039a4   Section        0  usbd_conf.o(i.USBD_LL_SetUSBAddress)
    i.USBD_LL_SetupStage                     0x080039b2   Section        0  usbd_core.o(i.USBD_LL_SetupStage)
    i.USBD_LL_StallEP                        0x08003a0c   Section        0  usbd_conf.o(i.USBD_LL_StallEP)
    i.USBD_LL_Suspend                        0x08003a1a   Section        0  usbd_core.o(i.USBD_LL_Suspend)
    i.USBD_LL_Transmit                       0x08003a2c   Section        0  usbd_conf.o(i.USBD_LL_Transmit)
    i.USBD_ParseSetupRequest                 0x08003a3a   Section        0  usbd_ctlreq.o(i.USBD_ParseSetupRequest)
    i.USBD_SetClassConfig                    0x08003a62   Section        0  usbd_core.o(i.USBD_SetClassConfig)
    i.USBD_SetConfig                         0x08003a78   Section        0  usbd_ctlreq.o(i.USBD_SetConfig)
    USBD_SetConfig                           0x08003a79   Thumb Code   110  usbd_ctlreq.o(i.USBD_SetConfig)
    i.USBD_StdDevReq                         0x08003aec   Section        0  usbd_ctlreq.o(i.USBD_StdDevReq)
    i.USBD_StdEPReq                          0x08003bde   Section        0  usbd_ctlreq.o(i.USBD_StdEPReq)
    i.USBD_StdItfReq                         0x08003c9e   Section        0  usbd_ctlreq.o(i.USBD_StdItfReq)
    i.USB_ActivateEndpoint                   0x08003cd2   Section        0  stm32f1xx_ll_usb.o(i.USB_ActivateEndpoint)
    i.USB_EP0_OutStart                       0x08003f2e   Section        0  stm32f1xx_ll_usb.o(i.USB_EP0_OutStart)
    i.USB_EPClearStall                       0x08003f32   Section        0  stm32f1xx_ll_usb.o(i.USB_EPClearStall)
    i.USB_EPSetStall                         0x08003f9c   Section        0  stm32f1xx_ll_usb.o(i.USB_EPSetStall)
    i.USB_EPStartXfer                        0x08003fe8   Section        0  stm32f1xx_ll_usb.o(i.USB_EPStartXfer)
    i.USB_LP_CAN1_RX0_IRQHandler             0x08004130   Section        0  stm32f1xx_it.o(i.USB_LP_CAN1_RX0_IRQHandler)
    i.USB_ReadInterrupts                     0x0800413c   Section        0  stm32f1xx_ll_usb.o(i.USB_ReadInterrupts)
    i.USB_ReadPMA                            0x08004144   Section        0  stm32f1xx_ll_usb.o(i.USB_ReadPMA)
    i.USB_SetDevAddress                      0x08004162   Section        0  stm32f1xx_ll_usb.o(i.USB_SetDevAddress)
    i.USB_WritePMA                           0x0800416e   Section        0  stm32f1xx_ll_usb.o(i.USB_WritePMA)
    i.UserDefaultTask                        0x08004194   Section        0  main.o(i.UserDefaultTask)
    i.Work_with_ADC                          0x0800419c   Section        0  adc_my.o(i.Work_with_ADC)
    i.__0sprintf$1                           0x0800420c   Section        0  printf1.o(i.__0sprintf$1)
    i.__scatterload_copy                     0x08004234   Section       14  handlers.o(i.__scatterload_copy)
    i.__scatterload_null                     0x08004242   Section        2  handlers.o(i.__scatterload_null)
    i.__scatterload_zeroinit                 0x08004244   Section       14  handlers.o(i.__scatterload_zeroinit)
    i._printf_core                           0x08004254   Section        0  printf1.o(i._printf_core)
    _printf_core                             0x08004255   Thumb Code   336  printf1.o(i._printf_core)
    i._sputc                                 0x080043a8   Section        0  printf1.o(i._sputc)
    _sputc                                   0x080043a9   Thumb Code    10  printf1.o(i._sputc)
    i.main                                   0x080043b4   Section        0  main.o(i.main)
    i.makeFreeRtosPriority                   0x08004428   Section        0  cmsis_os.o(i.makeFreeRtosPriority)
    makeFreeRtosPriority                     0x08004429   Thumb Code    12  cmsis_os.o(i.makeFreeRtosPriority)
    i.osDelay                                0x08004434   Section        0  cmsis_os.o(i.osDelay)
    i.osKernelStart                          0x08004442   Section        0  cmsis_os.o(i.osKernelStart)
    i.osSystickHandler                       0x0800444c   Section        0  cmsis_os.o(i.osSystickHandler)
    i.osThreadCreate                         0x08004460   Section        0  cmsis_os.o(i.osThreadCreate)
    i.prvAddCurrentTaskToDelayedList         0x08004498   Section        0  tasks.o(i.prvAddCurrentTaskToDelayedList)
    prvAddCurrentTaskToDelayedList           0x08004499   Thumb Code    48  tasks.o(i.prvAddCurrentTaskToDelayedList)
    i.prvCheckTasksWaitingTermination        0x080044cc   Section        0  tasks.o(i.prvCheckTasksWaitingTermination)
    prvCheckTasksWaitingTermination          0x080044cd   Thumb Code    76  tasks.o(i.prvCheckTasksWaitingTermination)
    i.prvHeapInit                            0x08004520   Section        0  heap_4.o(i.prvHeapInit)
    prvHeapInit                              0x08004521   Thumb Code    66  heap_4.o(i.prvHeapInit)
    i.prvIdleTask                            0x0800456c   Section        0  tasks.o(i.prvIdleTask)
    prvIdleTask                              0x0800456d   Thumb Code    20  tasks.o(i.prvIdleTask)
    i.prvInsertBlockIntoFreeList             0x08004584   Section        0  heap_4.o(i.prvInsertBlockIntoFreeList)
    prvInsertBlockIntoFreeList               0x08004585   Thumb Code    72  heap_4.o(i.prvInsertBlockIntoFreeList)
    i.prvResetNextTaskUnblockTime            0x080045d0   Section        0  tasks.o(i.prvResetNextTaskUnblockTime)
    prvResetNextTaskUnblockTime              0x080045d1   Thumb Code    26  tasks.o(i.prvResetNextTaskUnblockTime)
    i.prvTaskExitError                       0x080045f0   Section        0  port.o(i.prvTaskExitError)
    prvTaskExitError                         0x080045f1   Thumb Code    20  port.o(i.prvTaskExitError)
    i.pvPortMalloc                           0x08004608   Section        0  heap_4.o(i.pvPortMalloc)
    i.pxPortInitialiseStack                  0x080046c4   Section        0  port.o(i.pxPortInitialiseStack)
    i.uxListRemove                           0x080046e4   Section        0  list.o(i.uxListRemove)
    i.vListInitialise                        0x08004708   Section        0  list.o(i.vListInitialise)
    i.vListInitialiseItem                    0x0800471e   Section        0  list.o(i.vListInitialiseItem)
    i.vListInsert                            0x08004724   Section        0  list.o(i.vListInsert)
    i.vListInsertEnd                         0x08004754   Section        0  list.o(i.vListInsertEnd)
    i.vPortEnterCritical                     0x0800476c   Section        0  port.o(i.vPortEnterCritical)
    i.vPortExitCritical                      0x080047a0   Section        0  port.o(i.vPortExitCritical)
    i.vPortFree                              0x080047c4   Section        0  heap_4.o(i.vPortFree)
    i.vPortSetupTimerInterrupt               0x0800480c   Section        0  port.o(i.vPortSetupTimerInterrupt)
    i.vPortYield                             0x0800482c   Section        0  port.o(i.vPortYield)
    i.vTaskDelay                             0x08004844   Section        0  tasks.o(i.vTaskDelay)
    i.vTaskStartScheduler                    0x08004894   Section        0  tasks.o(i.vTaskStartScheduler)
    i.vTaskSuspendAll                        0x080048e0   Section        0  tasks.o(i.vTaskSuspendAll)
    i.vTaskSwitchContext                     0x080048f0   Section        0  tasks.o(i.vTaskSwitchContext)
    i.xPortStartScheduler                    0x08004944   Section        0  port.o(i.xPortStartScheduler)
    i.xPortSysTickHandler                    0x080049b8   Section        0  port.o(i.xPortSysTickHandler)
    i.xTaskGenericCreate                     0x080049dc   Section        0  tasks.o(i.xTaskGenericCreate)
    i.xTaskGetSchedulerState                 0x08004b60   Section        0  tasks.o(i.xTaskGetSchedulerState)
    i.xTaskIncrementTick                     0x08004b7c   Section        0  tasks.o(i.xTaskIncrementTick)
    i.xTaskResumeAll                         0x08004c3c   Section        0  tasks.o(i.xTaskResumeAll)
    .constdata                               0x08004ce8   Section       40  main.o(.constdata)
    .constdata                               0x08004d10   Section       16  stm32f1xx_hal_rcc.o(.constdata)
    .conststring                             0x08004d20   Section       24  main.o(.conststring)
    .data                                    0x20000000   Section        1  usbd_ctlreq.o(.data)
    cfgidx                                   0x20000000   Data           1  usbd_ctlreq.o(.data)
    .data                                    0x20000004   Section       12  main.o(.data)
    .data                                    0x20000010   Section        4  tm_stm32f4_delay.o(.data)
    .data                                    0x20000014   Section        4  tm_stm32f4_delay.o(.data)
    .data                                    0x20000018   Section        3  rtc_my.o(.data)
    .data                                    0x2000001c   Section        6  adc_my.o(.data)
    .data                                    0x20000024   Section       20  system_stm32f1xx.o(.data)
    .data                                    0x20000038   Section       12  port.o(.data)
    ucMaxSysCallPriority                     0x20000038   Data           1  port.o(.data)
    uxCriticalNesting                        0x2000003c   Data           4  port.o(.data)
    ulMaxPRIGROUPValue                       0x20000040   Data           4  port.o(.data)
    .data                                    0x20000044   Section       24  heap_4.o(.data)
    pxEnd                                    0x20000044   Data           4  heap_4.o(.data)
    xFreeBytesRemaining                      0x20000048   Data           4  heap_4.o(.data)
    xMinimumEverFreeBytesRemaining           0x2000004c   Data           4  heap_4.o(.data)
    xBlockAllocatedBit                       0x20000050   Data           4  heap_4.o(.data)
    xStart                                   0x20000054   Data           8  heap_4.o(.data)
    .data                                    0x2000005c   Section       56  tasks.o(.data)
    uxTasksDeleted                           0x20000060   Data           4  tasks.o(.data)
    uxCurrentNumberOfTasks                   0x20000064   Data           4  tasks.o(.data)
    xTickCount                               0x20000068   Data           4  tasks.o(.data)
    uxTopReadyPriority                       0x2000006c   Data           4  tasks.o(.data)
    xSchedulerRunning                        0x20000070   Data           4  tasks.o(.data)
    uxPendedTicks                            0x20000074   Data           4  tasks.o(.data)
    xYieldPending                            0x20000078   Data           4  tasks.o(.data)
    xNumOfOverflows                          0x2000007c   Data           4  tasks.o(.data)
    uxTaskNumber                             0x20000080   Data           4  tasks.o(.data)
    xNextTaskUnblockTime                     0x20000084   Data           4  tasks.o(.data)
    uxSchedulerSuspended                     0x20000088   Data           4  tasks.o(.data)
    pxDelayedTaskList                        0x2000008c   Data           4  tasks.o(.data)
    pxOverflowDelayedTaskList                0x20000090   Data           4  tasks.o(.data)
    .data                                    0x20000094   Section        1  stm32f1xx_hal_spi_ex.o(.data)
    .data                                    0x20000098   Section        4  stm32f1xx_hal.o(.data)
    uwTick                                   0x20000098   Data           4  stm32f1xx_hal.o(.data)
    .bss                                     0x2000009c   Section     1596  usbd_conf.o(.bss)
    mem                                      0x2000009c   Data         540  usbd_conf.o(.bss)
    .bss                                     0x200006d8   Section      148  main.o(.bss)
    .bss                                     0x2000076c   Section       20  rtc_my.o(.bss)
    .bss                                     0x20000780   Section       48  adc_my.o(.bss)
    .bss                                     0x200007b0   Section       60  i2c_my.o(.bss)
    .bss                                     0x200007ec   Section     3072  heap_4.o(.bss)
    ucHeap                                   0x200007ec   Data        3072  heap_4.o(.bss)
    .bss                                     0x200013ec   Section      240  tasks.o(.bss)
    pxReadyTasksLists                        0x200013ec   Data         140  tasks.o(.bss)
    xDelayedTaskList1                        0x20001478   Data          20  tasks.o(.bss)
    xDelayedTaskList2                        0x2000148c   Data          20  tasks.o(.bss)
    xPendingReadyList                        0x200014a0   Data          20  tasks.o(.bss)
    xTasksWaitingTermination                 0x200014b4   Data          20  tasks.o(.bss)
    xSuspendedTaskList                       0x200014c8   Data          20  tasks.o(.bss)
    STACK                                    0x200014e0   Section     1024  startup_stm32f103xb.o(STACK)

    Global Symbols

    Symbol Name                              Value     Ov Type        Size  Object(Section)

    BuildAttributes$$THM_ISAv4$P$D$K$B$S$PE$A:L22UL41UL21$X:L11$S22US41US21$IEEE1$IW$USESV6$~STKCKD$USESV7$~SHL$OSPACE$ROPI$EBA8$MICROLIB$REQ8$PRES8$EABIv2 0x00000000   Number         0  anon$$obj.o ABSOLUTE
    __ARM_use_no_argv                        0x00000000   Number         0  main.o ABSOLUTE
    _printf_a                                0x00000000   Number         0  stubs.o ABSOLUTE
    _printf_c                                0x00000000   Number         0  stubs.o ABSOLUTE
    _printf_charcount                        0x00000000   Number         0  stubs.o ABSOLUTE
    _printf_d                                0x00000000   Number         0  stubs.o ABSOLUTE
    _printf_e                                0x00000000   Number         0  stubs.o ABSOLUTE
    _printf_f                                0x00000000   Number         0  stubs.o ABSOLUTE
    _printf_flags                            0x00000000   Number         0  stubs.o ABSOLUTE
    _printf_fp_dec                           0x00000000   Number         0  stubs.o ABSOLUTE
    _printf_fp_hex                           0x00000000   Number         0  stubs.o ABSOLUTE
    _printf_g                                0x00000000   Number         0  stubs.o ABSOLUTE
    _printf_i                                0x00000000   Number         0  stubs.o ABSOLUTE
    _printf_int_dec                          0x00000000   Number         0  stubs.o ABSOLUTE
    _printf_l                                0x00000000   Number         0  stubs.o ABSOLUTE
    _printf_lc                               0x00000000   Number         0  stubs.o ABSOLUTE
    _printf_ll                               0x00000000   Number         0  stubs.o ABSOLUTE
    _printf_lld                              0x00000000   Number         0  stubs.o ABSOLUTE
    _printf_lli                              0x00000000   Number         0  stubs.o ABSOLUTE
    _printf_llo                              0x00000000   Number         0  stubs.o ABSOLUTE
    _printf_llu                              0x00000000   Number         0  stubs.o ABSOLUTE
    _printf_llx                              0x00000000   Number         0  stubs.o ABSOLUTE
    _printf_longlong_dec                     0x00000000   Number         0  stubs.o ABSOLUTE
    _printf_longlong_hex                     0x00000000   Number         0  stubs.o ABSOLUTE
    _printf_longlong_oct                     0x00000000   Number         0  stubs.o ABSOLUTE
    _printf_ls                               0x00000000   Number         0  stubs.o ABSOLUTE
    _printf_mbtowc                           0x00000000   Number         0  stubs.o ABSOLUTE
    _printf_n                                0x00000000   Number         0  stubs.o ABSOLUTE
    _printf_o                                0x00000000   Number         0  stubs.o ABSOLUTE
    _printf_p                                0x00000000   Number         0  stubs.o ABSOLUTE
    _printf_percent                          0x00000000   Number         0  stubs.o ABSOLUTE
    _printf_pre_padding                      0x00000000   Number         0  stubs.o ABSOLUTE
    _printf_return_value                     0x00000000   Number         0  stubs.o ABSOLUTE
    _printf_s                                0x00000000   Number         0  stubs.o ABSOLUTE
    _printf_sizespec                         0x00000000   Number         0  stubs.o ABSOLUTE
    _printf_str                              0x00000000   Number         0  stubs.o ABSOLUTE
    _printf_truncate_signed                  0x00000000   Number         0  stubs.o ABSOLUTE
    _printf_truncate_unsigned                0x00000000   Number         0  stubs.o ABSOLUTE
    _printf_u                                0x00000000   Number         0  stubs.o ABSOLUTE
    _printf_wc                               0x00000000   Number         0  stubs.o ABSOLUTE
    _printf_wctomb                           0x00000000   Number         0  stubs.o ABSOLUTE
    _printf_widthprec                        0x00000000   Number         0  stubs.o ABSOLUTE
    _printf_x                                0x00000000   Number         0  stubs.o ABSOLUTE
    __cpp_initialize__aeabi_                  - Undefined Weak Reference
    __cxa_finalize                            - Undefined Weak Reference
    __decompress                              - Undefined Weak Reference
    _clock_init                               - Undefined Weak Reference
    _microlib_exit                            - Undefined Weak Reference
    __Vectors_Size                           0x000000ec   Number         0  startup_stm32f103xb.o ABSOLUTE
    __Vectors                                0x08000000   Data           4  startup_stm32f103xb.o(RESET)
    __Vectors_End                            0x080000ec   Data           0  startup_stm32f103xb.o(RESET)
    __main                                   0x080000ed   Thumb Code     0  entry.o(.ARM.Collect$$$$00000000)
    _main_stk                                0x080000ed   Thumb Code     0  entry2.o(.ARM.Collect$$$$00000001)
    _main_scatterload                        0x080000f1   Thumb Code     0  entry5.o(.ARM.Collect$$$$00000004)
    __main_after_scatterload                 0x080000f5   Thumb Code     0  entry5.o(.ARM.Collect$$$$00000004)
    _main_clock                              0x080000f5   Thumb Code     0  entry7b.o(.ARM.Collect$$$$00000008)
    _main_cpp_init                           0x080000f5   Thumb Code     0  entry8b.o(.ARM.Collect$$$$0000000A)
    _main_init                               0x080000f5   Thumb Code     0  entry9a.o(.ARM.Collect$$$$0000000B)
    __rt_final_cpp                           0x080000fd   Thumb Code     0  entry10a.o(.ARM.Collect$$$$0000000D)
    __rt_final_exit                          0x080000fd   Thumb Code     0  entry11a.o(.ARM.Collect$$$$0000000F)
    SVC_Handler                              0x08000101   Thumb Code    32  port.o(.emb_text)
    __asm___6_port_c_39a90d8d__prvStartFirstTask 0x08000125   Thumb Code    28  port.o(.emb_text)
    PendSV_Handler                           0x08000145   Thumb Code    64  port.o(.emb_text)
    ulPortSetInterruptMask                   0x08000189   Thumb Code    14  port.o(.emb_text)
    vPortClearInterruptMask                  0x08000197   Thumb Code     6  port.o(.emb_text)
    vPortGetIPSR                             0x0800019d   Thumb Code     6  port.o(.emb_text)
    Reset_Handler                            0x080001a5   Thumb Code     8  startup_stm32f103xb.o(.text)
    NMI_Handler                              0x080001ad   Thumb Code     2  startup_stm32f103xb.o(.text)
    HardFault_Handler                        0x080001af   Thumb Code     2  startup_stm32f103xb.o(.text)
    MemManage_Handler                        0x080001b1   Thumb Code     2  startup_stm32f103xb.o(.text)
    BusFault_Handler                         0x080001b3   Thumb Code     2  startup_stm32f103xb.o(.text)
    UsageFault_Handler                       0x080001b5   Thumb Code     2  startup_stm32f103xb.o(.text)
    DebugMon_Handler                         0x080001b9   Thumb Code     2  startup_stm32f103xb.o(.text)
    ADC1_2_IRQHandler                        0x080001bf   Thumb Code     0  startup_stm32f103xb.o(.text)
    CAN1_RX1_IRQHandler                      0x080001bf   Thumb Code     0  startup_stm32f103xb.o(.text)
    CAN1_SCE_IRQHandler                      0x080001bf   Thumb Code     0  startup_stm32f103xb.o(.text)
    DMA1_Channel1_IRQHandler                 0x080001bf   Thumb Code     0  startup_stm32f103xb.o(.text)
    DMA1_Channel2_IRQHandler                 0x080001bf   Thumb Code     0  startup_stm32f103xb.o(.text)
    DMA1_Channel3_IRQHandler                 0x080001bf   Thumb Code     0  startup_stm32f103xb.o(.text)
    DMA1_Channel4_IRQHandler                 0x080001bf   Thumb Code     0  startup_stm32f103xb.o(.text)
    DMA1_Channel5_IRQHandler                 0x080001bf   Thumb Code     0  startup_stm32f103xb.o(.text)
    DMA1_Channel6_IRQHandler                 0x080001bf   Thumb Code     0  startup_stm32f103xb.o(.text)
    DMA1_Channel7_IRQHandler                 0x080001bf   Thumb Code     0  startup_stm32f103xb.o(.text)
    EXTI15_10_IRQHandler                     0x080001bf   Thumb Code     0  startup_stm32f103xb.o(.text)
    EXTI1_IRQHandler                         0x080001bf   Thumb Code     0  startup_stm32f103xb.o(.text)
    EXTI2_IRQHandler                         0x080001bf   Thumb Code     0  startup_stm32f103xb.o(.text)
    EXTI3_IRQHandler                         0x080001bf   Thumb Code     0  startup_stm32f103xb.o(.text)
    EXTI4_IRQHandler                         0x080001bf   Thumb Code     0  startup_stm32f103xb.o(.text)
    EXTI9_5_IRQHandler                       0x080001bf   Thumb Code     0  startup_stm32f103xb.o(.text)
    FLASH_IRQHandler                         0x080001bf   Thumb Code     0  startup_stm32f103xb.o(.text)
    I2C1_ER_IRQHandler                       0x080001bf   Thumb Code     0  startup_stm32f103xb.o(.text)
    I2C1_EV_IRQHandler                       0x080001bf   Thumb Code     0  startup_stm32f103xb.o(.text)
    I2C2_ER_IRQHandler                       0x080001bf   Thumb Code     0  startup_stm32f103xb.o(.text)
    I2C2_EV_IRQHandler                       0x080001bf   Thumb Code     0  startup_stm32f103xb.o(.text)
    PVD_IRQHandler                           0x080001bf   Thumb Code     0  startup_stm32f103xb.o(.text)
    RCC_IRQHandler                           0x080001bf   Thumb Code     0  startup_stm32f103xb.o(.text)
    SPI1_IRQHandler                          0x080001bf   Thumb Code     0  startup_stm32f103xb.o(.text)
    SPI2_IRQHandler                          0x080001bf   Thumb Code     0  startup_stm32f103xb.o(.text)
    TAMPER_IRQHandler                        0x080001bf   Thumb Code     0  startup_stm32f103xb.o(.text)
    TIM1_BRK_IRQHandler                      0x080001bf   Thumb Code     0  startup_stm32f103xb.o(.text)
    TIM1_CC_IRQHandler                       0x080001bf   Thumb Code     0  startup_stm32f103xb.o(.text)
    TIM1_TRG_COM_IRQHandler                  0x080001bf   Thumb Code     0  startup_stm32f103xb.o(.text)
    TIM1_UP_IRQHandler                       0x080001bf   Thumb Code     0  startup_stm32f103xb.o(.text)
    TIM2_IRQHandler                          0x080001bf   Thumb Code     0  startup_stm32f103xb.o(.text)
    TIM3_IRQHandler                          0x080001bf   Thumb Code     0  startup_stm32f103xb.o(.text)
    TIM4_IRQHandler                          0x080001bf   Thumb Code     0  startup_stm32f103xb.o(.text)
    USART1_IRQHandler                        0x080001bf   Thumb Code     0  startup_stm32f103xb.o(.text)
    USART2_IRQHandler                        0x080001bf   Thumb Code     0  startup_stm32f103xb.o(.text)
    USART3_IRQHandler                        0x080001bf   Thumb Code     0  startup_stm32f103xb.o(.text)
    USBWakeUp_IRQHandler                     0x080001bf   Thumb Code     0  startup_stm32f103xb.o(.text)
    USB_HP_CAN1_TX_IRQHandler                0x080001bf   Thumb Code     0  startup_stm32f103xb.o(.text)
    WWDG_IRQHandler                          0x080001bf   Thumb Code     0  startup_stm32f103xb.o(.text)
    __aeabi_memcpy                           0x080001c9   Thumb Code    36  memcpya.o(.text)
    __aeabi_memcpy4                          0x080001c9   Thumb Code     0  memcpya.o(.text)
    __aeabi_memcpy8                          0x080001c9   Thumb Code     0  memcpya.o(.text)
    __aeabi_memset                           0x080001ed   Thumb Code    14  memseta.o(.text)
    __aeabi_memset4                          0x080001ed   Thumb Code     0  memseta.o(.text)
    __aeabi_memset8                          0x080001ed   Thumb Code     0  memseta.o(.text)
    __aeabi_memclr                           0x080001fb   Thumb Code     4  memseta.o(.text)
    __aeabi_memclr4                          0x080001fb   Thumb Code     0  memseta.o(.text)
    __aeabi_memclr8                          0x080001fb   Thumb Code     0  memseta.o(.text)
    _memset$wrapper                          0x080001ff   Thumb Code    18  memseta.o(.text)
    __aeabi_uidiv                            0x08000211   Thumb Code     0  uidiv.o(.text)
    __aeabi_uidivmod                         0x08000211   Thumb Code    44  uidiv.o(.text)
    __scatterload                            0x0800023d   Thumb Code    28  init.o(.text)
    __scatterload_rt2                        0x0800023d   Thumb Code     0  init.o(.text)
    ADC_ConversionStop_Disable               0x08000261   Thumb Code    74  stm32f1xx_hal_adc.o(i.ADC_ConversionStop_Disable)
    ADC_Enable                               0x080002ad   Thumb Code   104  stm32f1xx_hal_adc.o(i.ADC_Enable)
    ADC_Init_my                              0x0800031d   Thumb Code    98  adc_my.o(i.ADC_Init_my)
    EXTI0_IRQHandler                         0x08000389   Thumb Code    34  stm32f1xx_it.o(i.EXTI0_IRQHandler)
    HAL_ADCEx_InjectedConfigChannel          0x080003b9   Thumb Code   574  stm32f1xx_hal_adc_ex.o(i.HAL_ADCEx_InjectedConfigChannel)
    HAL_ADCEx_InjectedGetValue               0x08000605   Thumb Code    44  stm32f1xx_hal_adc_ex.o(i.HAL_ADCEx_InjectedGetValue)
    HAL_ADC_ConfigChannel                    0x08000631   Thumb Code   344  stm32f1xx_hal_adc.o(i.HAL_ADC_ConfigChannel)
    HAL_ADC_GetValue                         0x08000795   Thumb Code     6  stm32f1xx_hal_adc.o(i.HAL_ADC_GetValue)
    HAL_ADC_Init                             0x0800079d   Thumb Code   256  stm32f1xx_hal_adc.o(i.HAL_ADC_Init)
    HAL_ADC_MspInit                          0x080008a5   Thumb Code    50  stm32f1xx_hal_msp.o(i.HAL_ADC_MspInit)
    HAL_ADC_PollForConversion                0x080008e5   Thumb Code   260  stm32f1xx_hal_adc.o(i.HAL_ADC_PollForConversion)
    HAL_ADC_Start                            0x080009f5   Thumb Code   128  stm32f1xx_hal_adc.o(i.HAL_ADC_Start)
    HAL_Delay                                0x08000a7d   Thumb Code    22  stm32f1xx_hal.o(i.HAL_Delay)
    HAL_GPIO_Init                            0x08000a95   Thumb Code   408  stm32f1xx_hal_gpio.o(i.HAL_GPIO_Init)
    HAL_GPIO_ReadPin                         0x08000c51   Thumb Code    10  stm32f1xx_hal_gpio.o(i.HAL_GPIO_ReadPin)
    HAL_GPIO_TogglePin                       0x08000c5b   Thumb Code     8  stm32f1xx_hal_gpio.o(i.HAL_GPIO_TogglePin)
    HAL_GPIO_WritePin                        0x08000c63   Thumb Code    10  stm32f1xx_hal_gpio.o(i.HAL_GPIO_WritePin)
    HAL_GetTick                              0x08000c6d   Thumb Code     6  stm32f1xx_hal.o(i.HAL_GetTick)
    HAL_I2C_Init                             0x08000c79   Thumb Code   212  stm32f1xx_hal_i2c.o(i.HAL_I2C_Init)
    HAL_I2C_MspInit                          0x08000d55   Thumb Code    54  stm32f1xx_hal_msp.o(i.HAL_I2C_MspInit)
    HAL_IncTick                              0x08000d99   Thumb Code    10  stm32f1xx_hal.o(i.HAL_IncTick)
    HAL_Init                                 0x08000da9   Thumb Code    32  stm32f1xx_hal.o(i.HAL_Init)
    HAL_InitTick                             0x08000dcd   Thumb Code    34  stm32f1xx_hal.o(i.HAL_InitTick)
    HAL_MspInit                              0x08000df1   Thumb Code    52  stm32f1xx_hal_msp.o(i.HAL_MspInit)
    HAL_NVIC_EnableIRQ                       0x08000e2d   Thumb Code    22  stm32f1xx_hal_cortex.o(i.HAL_NVIC_EnableIRQ)
    HAL_NVIC_SetPriority                     0x08000e45   Thumb Code    60  stm32f1xx_hal_cortex.o(i.HAL_NVIC_SetPriority)
    HAL_NVIC_SetPriorityGrouping             0x08000e85   Thumb Code    26  stm32f1xx_hal_cortex.o(i.HAL_NVIC_SetPriorityGrouping)
    HAL_PCD_DataInStageCallback              0x08000ea9   Thumb Code    14  usbd_conf.o(i.HAL_PCD_DataInStageCallback)
    HAL_PCD_DataOutStageCallback             0x08000eb7   Thumb Code    16  usbd_conf.o(i.HAL_PCD_DataOutStageCallback)
    HAL_PCD_EP_ClrStall                      0x08000ec7   Thumb Code    72  stm32f1xx_hal_pcd.o(i.HAL_PCD_EP_ClrStall)
    HAL_PCD_EP_Open                          0x08000f0f   Thumb Code    68  stm32f1xx_hal_pcd.o(i.HAL_PCD_EP_Open)
    HAL_PCD_EP_Receive                       0x08000f53   Thumb Code    64  stm32f1xx_hal_pcd.o(i.HAL_PCD_EP_Receive)
    HAL_PCD_EP_SetStall                      0x08000f93   Thumb Code    86  stm32f1xx_hal_pcd.o(i.HAL_PCD_EP_SetStall)
    HAL_PCD_EP_Transmit                      0x08000fe9   Thumb Code    62  stm32f1xx_hal_pcd.o(i.HAL_PCD_EP_Transmit)
    HAL_PCD_IRQHandler                       0x08001027   Thumb Code   266  stm32f1xx_hal_pcd.o(i.HAL_PCD_IRQHandler)
    HAL_PCD_ResetCallback                    0x08001131   Thumb Code    26  usbd_conf.o(i.HAL_PCD_ResetCallback)
    HAL_PCD_ResumeCallback                   0x0800114b   Thumb Code     8  usbd_conf.o(i.HAL_PCD_ResumeCallback)
    HAL_PCD_SOFCallback                      0x08001153   Thumb Code     8  usbd_conf.o(i.HAL_PCD_SOFCallback)
    HAL_PCD_SetAddress                       0x0800115b   Thumb Code    40  stm32f1xx_hal_pcd.o(i.HAL_PCD_SetAddress)
    HAL_PCD_SetupStageCallback               0x08001183   Thumb Code    14  usbd_conf.o(i.HAL_PCD_SetupStageCallback)
    HAL_PCD_SuspendCallback                  0x08001191   Thumb Code    30  usbd_conf.o(i.HAL_PCD_SuspendCallback)
    HAL_PWR_EnableBkUpAccess                 0x080011b5   Thumb Code    20  stm32f1xx_hal_pwr.o(i.HAL_PWR_EnableBkUpAccess)
    HAL_RCCEx_GetPeriphCLKFreq               0x080011cd   Thumb Code   208  stm32f1xx_hal_rcc_ex.o(i.HAL_RCCEx_GetPeriphCLKFreq)
    HAL_RCCEx_PeriphCLKConfig                0x080012bd   Thumb Code   286  stm32f1xx_hal_rcc_ex.o(i.HAL_RCCEx_PeriphCLKConfig)
    HAL_RCC_ClockConfig                      0x080013e9   Thumb Code   638  stm32f1xx_hal_rcc_ex.o(i.HAL_RCC_ClockConfig)
    HAL_RCC_GetHCLKFreq                      0x08001671   Thumb Code    38  stm32f1xx_hal_rcc.o(i.HAL_RCC_GetHCLKFreq)
    HAL_RCC_GetPCLK1Freq                     0x080016a5   Thumb Code    36  stm32f1xx_hal_rcc.o(i.HAL_RCC_GetPCLK1Freq)
    HAL_RCC_GetPCLK2Freq                     0x080016d1   Thumb Code    36  stm32f1xx_hal_rcc.o(i.HAL_RCC_GetPCLK2Freq)
    HAL_RCC_GetSysClockFreq                  0x080016fd   Thumb Code   102  stm32f1xx_hal_rcc.o(i.HAL_RCC_GetSysClockFreq)
    HAL_RCC_OscConfig                        0x08001785   Thumb Code  1738  stm32f1xx_hal_rcc.o(i.HAL_RCC_OscConfig)
    HAL_RTCEx_RTCEventErrorCallback          0x08001e4f   Thumb Code     2  stm32f1xx_hal_rtc_ex.o(i.HAL_RTCEx_RTCEventErrorCallback)
    HAL_RTC_GetAlarm                         0x08001e51   Thumb Code   102  stm32f1xx_hal_rtc.o(i.HAL_RTC_GetAlarm)
    HAL_RTC_GetState                         0x08001eb7   Thumb Code     4  stm32f1xx_hal_rtc.o(i.HAL_RTC_GetState)
    HAL_RTC_GetTime                          0x08001ebb   Thumb Code   216  stm32f1xx_hal_rtc.o(i.HAL_RTC_GetTime)
    HAL_RTC_Init                             0x08001f95   Thumb Code   154  stm32f1xx_hal_rtc.o(i.HAL_RTC_Init)
    HAL_RTC_MspInit                          0x08002035   Thumb Code    56  stm32f1xx_hal_msp.o(i.HAL_RTC_MspInit)
    HAL_RTC_SetAlarm_IT                      0x08002079   Thumb Code   224  stm32f1xx_hal_rtc.o(i.HAL_RTC_SetAlarm_IT)
    HAL_RTC_SetDate                          0x08002161   Thumb Code   192  stm32f1xx_hal_rtc.o(i.HAL_RTC_SetDate)
    HAL_RTC_SetTime                          0x08002225   Thumb Code   168  stm32f1xx_hal_rtc.o(i.HAL_RTC_SetTime)
    HAL_RTC_WaitForSynchro                   0x080022d1   Thumb Code    58  stm32f1xx_hal_rtc.o(i.HAL_RTC_WaitForSynchro)
    HAL_SPI_Init                             0x0800230d   Thumb Code   132  stm32f1xx_hal_spi_ex.o(i.HAL_SPI_Init)
    HAL_SPI_MspInit                          0x08002395   Thumb Code    74  stm32f1xx_hal_msp.o(i.HAL_SPI_MspInit)
    HAL_SYSTICK_CLKSourceConfig              0x080023ed   Thumb Code    24  stm32f1xx_hal_cortex.o(i.HAL_SYSTICK_CLKSourceConfig)
    HAL_SYSTICK_Config                       0x08002405   Thumb Code    40  stm32f1xx_hal_cortex.o(i.HAL_SYSTICK_Config)
    HAL_TIMEx_ConfigBreakDeadTime            0x0800242d   Thumb Code    66  stm32f1xx_hal_tim_ex.o(i.HAL_TIMEx_ConfigBreakDeadTime)
    HAL_TIMEx_MasterConfigSynchronization    0x0800246f   Thumb Code    80  stm32f1xx_hal_tim_ex.o(i.HAL_TIMEx_MasterConfigSynchronization)
    HAL_TIM_OC_ConfigChannel                 0x080024bf   Thumb Code    86  stm32f1xx_hal_tim.o(i.HAL_TIM_OC_ConfigChannel)
    HAL_TIM_OC_Init                          0x08002515   Thumb Code    54  stm32f1xx_hal_tim.o(i.HAL_TIM_OC_Init)
    HAL_TIM_OC_MspInit                       0x0800254b   Thumb Code     2  stm32f1xx_hal_tim.o(i.HAL_TIM_OC_MspInit)
    HAL_TIM_PWM_ConfigChannel                0x0800254d   Thumb Code   208  stm32f1xx_hal_tim.o(i.HAL_TIM_PWM_ConfigChannel)
    HAL_TIM_PWM_Init                         0x0800261d   Thumb Code    54  stm32f1xx_hal_tim.o(i.HAL_TIM_PWM_Init)
    HAL_TIM_PWM_MspInit                      0x08002655   Thumb Code    70  stm32f1xx_hal_msp.o(i.HAL_TIM_PWM_MspInit)
    I2C1_Init_my                             0x080026ad   Thumb Code    34  i2c_my.o(i.I2C1_Init_my)
    I2C_AcknowledgeConfig                    0x080026dd   Thumb Code    22  stm32f10x_i2c.o(i.I2C_AcknowledgeConfig)
    I2C_CheckEvent                           0x080026f3   Thumb Code    24  stm32f10x_i2c.o(i.I2C_CheckEvent)
    I2C_GenerateSTART                        0x0800270b   Thumb Code    22  stm32f10x_i2c.o(i.I2C_GenerateSTART)
    I2C_GenerateSTOP                         0x08002721   Thumb Code    22  stm32f10x_i2c.o(i.I2C_GenerateSTOP)
    I2C_ReceiveData                          0x08002737   Thumb Code     6  stm32f10x_i2c.o(i.I2C_ReceiveData)
    I2C_Send7bitAddress                      0x0800273d   Thumb Code    16  stm32f10x_i2c.o(i.I2C_Send7bitAddress)
    I2C_SendData                             0x0800274d   Thumb Code     4  stm32f10x_i2c.o(i.I2C_SendData)
    L3G4200_ReadReg                          0x08002751   Thumb Code   196  i2c_my.o(i.L3G4200_ReadReg)
    LM75_RW                                  0x08002821   Thumb Code    40  main.o(i.LM75_RW)
    LM75_ReadConf                            0x08002851   Thumb Code   170  lm75.o(i.LM75_ReadConf)
    LM75_ReadReg                             0x08002909   Thumb Code   196  lm75.o(i.LM75_ReadReg)
    LM75_Temperature                         0x080029d9   Thumb Code    58  lm75.o(i.LM75_Temperature)
    LM75_WriteConf                           0x08002a15   Thumb Code   116  lm75.o(i.LM75_WriteConf)
    RTC_AlarmIRQ_function                    0x08002fdd   Thumb Code    78  rtc_my.o(i.RTC_AlarmIRQ_function)
    RTC_Alarm_IRQHandler                     0x08003039   Thumb Code     4  stm32f1xx_it.o(i.RTC_Alarm_IRQHandler)
    RTC_IRQHandler                           0x0800317f   Thumb Code     4  stm32f1xx_it.o(i.RTC_IRQHandler)
    RTC_IRQ_function                         0x08003185   Thumb Code    66  rtc_my.o(i.RTC_IRQ_function)
    RTC_my_Init                              0x080032a5   Thumb Code   140  rtc_my.o(i.RTC_my_Init)
    StartDefaultTask                         0x08003339   Thumb Code   174  main.o(i.StartDefaultTask)
    SysTick_Handler                          0x080033f5   Thumb Code    34  stm32f1xx_it.o(i.SysTick_Handler)
    SystemClock_Config                       0x08003421   Thumb Code   106  main.o(i.SystemClock_Config)
    SystemInit                               0x0800348d   Thumb Code    56  system_stm32f1xx.o(i.SystemInit)
    TIM_Base_SetConfig                       0x080034d5   Thumb Code    86  stm32f1xx_hal_tim.o(i.TIM_Base_SetConfig)
    TIM_OC2_SetConfig                        0x08003589   Thumb Code    84  stm32f1xx_hal_tim.o(i.TIM_OC2_SetConfig)
    USBD_ClrClassConfig                      0x0800367d   Thumb Code    14  usbd_core.o(i.USBD_ClrClassConfig)
    USBD_CtlContinueRx                       0x0800368b   Thumb Code    16  usbd_ioreq.o(i.USBD_CtlContinueRx)
    USBD_CtlContinueSendData                 0x0800369b   Thumb Code    16  usbd_ioreq.o(i.USBD_CtlContinueSendData)
    USBD_CtlError                            0x080036ab   Thumb Code    22  usbd_ctlreq.o(i.USBD_CtlError)
    USBD_CtlReceiveStatus                    0x080036c1   Thumb Code    22  usbd_ioreq.o(i.USBD_CtlReceiveStatus)
    USBD_CtlSendData                         0x080036d7   Thumb Code    26  usbd_ioreq.o(i.USBD_CtlSendData)
    USBD_CtlSendStatus                       0x080036f1   Thumb Code    22  usbd_ioreq.o(i.USBD_CtlSendStatus)
    USBD_LL_ClearStallEP                     0x080037e7   Thumb Code    14  usbd_conf.o(i.USBD_LL_ClearStallEP)
    USBD_LL_DataInStage                      0x080037f5   Thumb Code   160  usbd_core.o(i.USBD_LL_DataInStage)
    USBD_LL_DataOutStage                     0x08003895   Thumb Code   106  usbd_core.o(i.USBD_LL_DataOutStage)
    USBD_LL_IsStallEP                        0x080038ff   Thumb Code    28  usbd_conf.o(i.USBD_LL_IsStallEP)
    USBD_LL_OpenEP                           0x0800391b   Thumb Code    20  usbd_conf.o(i.USBD_LL_OpenEP)
    USBD_LL_PrepareReceive                   0x0800392f   Thumb Code    14  usbd_conf.o(i.USBD_LL_PrepareReceive)
    USBD_LL_Reset                            0x0800393d   Thumb Code    62  usbd_core.o(i.USBD_LL_Reset)
    USBD_LL_Resume                           0x0800397b   Thumb Code    12  usbd_core.o(i.USBD_LL_Resume)
    USBD_LL_SOF                              0x08003987   Thumb Code    24  usbd_core.o(i.USBD_LL_SOF)
    USBD_LL_SetSpeed                         0x0800399f   Thumb Code     6  usbd_core.o(i.USBD_LL_SetSpeed)
    USBD_LL_SetUSBAddress                    0x080039a5   Thumb Code    14  usbd_conf.o(i.USBD_LL_SetUSBAddress)
    USBD_LL_SetupStage                       0x080039b3   Thumb Code    90  usbd_core.o(i.USBD_LL_SetupStage)
    USBD_LL_StallEP                          0x08003a0d   Thumb Code    14  usbd_conf.o(i.USBD_LL_StallEP)
    USBD_LL_Suspend                          0x08003a1b   Thumb Code    18  usbd_core.o(i.USBD_LL_Suspend)
    USBD_LL_Transmit                         0x08003a2d   Thumb Code    14  usbd_conf.o(i.USBD_LL_Transmit)
    USBD_ParseSetupRequest                   0x08003a3b   Thumb Code    40  usbd_ctlreq.o(i.USBD_ParseSetupRequest)
    USBD_SetClassConfig                      0x08003a63   Thumb Code    22  usbd_core.o(i.USBD_SetClassConfig)
    USBD_StdDevReq                           0x08003aed   Thumb Code   242  usbd_ctlreq.o(i.USBD_StdDevReq)
    USBD_StdEPReq                            0x08003bdf   Thumb Code   192  usbd_ctlreq.o(i.USBD_StdEPReq)
    USBD_StdItfReq                           0x08003c9f   Thumb Code    52  usbd_ctlreq.o(i.USBD_StdItfReq)
    USB_ActivateEndpoint                     0x08003cd3   Thumb Code   604  stm32f1xx_ll_usb.o(i.USB_ActivateEndpoint)
    USB_EP0_OutStart                         0x08003f2f   Thumb Code     4  stm32f1xx_ll_usb.o(i.USB_EP0_OutStart)
    USB_EPClearStall                         0x08003f33   Thumb Code   106  stm32f1xx_ll_usb.o(i.USB_EPClearStall)
    USB_EPSetStall                           0x08003f9d   Thumb Code    74  stm32f1xx_ll_usb.o(i.USB_EPSetStall)
    USB_EPStartXfer                          0x08003fe9   Thumb Code   328  stm32f1xx_ll_usb.o(i.USB_EPStartXfer)
    USB_LP_CAN1_RX0_IRQHandler               0x08004131   Thumb Code     6  stm32f1xx_it.o(i.USB_LP_CAN1_RX0_IRQHandler)
    USB_ReadInterrupts                       0x0800413d   Thumb Code     6  stm32f1xx_ll_usb.o(i.USB_ReadInterrupts)
    USB_ReadPMA                              0x08004145   Thumb Code    30  stm32f1xx_ll_usb.o(i.USB_ReadPMA)
    USB_SetDevAddress                        0x08004163   Thumb Code    12  stm32f1xx_ll_usb.o(i.USB_SetDevAddress)
    USB_WritePMA                             0x0800416f   Thumb Code    38  stm32f1xx_ll_usb.o(i.USB_WritePMA)
    UserDefaultTask                          0x08004195   Thumb Code     8  main.o(i.UserDefaultTask)
    Work_with_ADC                            0x0800419d   Thumb Code   100  adc_my.o(i.Work_with_ADC)
    __0sprintf$1                             0x0800420d   Thumb Code    34  printf1.o(i.__0sprintf$1)
    __1sprintf$1                             0x0800420d   Thumb Code     0  printf1.o(i.__0sprintf$1)
    __2sprintf                               0x0800420d   Thumb Code     0  printf1.o(i.__0sprintf$1)
    __scatterload_copy                       0x08004235   Thumb Code    14  handlers.o(i.__scatterload_copy)
    __scatterload_null                       0x08004243   Thumb Code     2  handlers.o(i.__scatterload_null)
    __scatterload_zeroinit                   0x08004245   Thumb Code    14  handlers.o(i.__scatterload_zeroinit)
    main                                     0x080043b5   Thumb Code   102  main.o(i.main)
    osDelay                                  0x08004435   Thumb Code    14  cmsis_os.o(i.osDelay)
    osKernelStart                            0x08004443   Thumb Code    10  cmsis_os.o(i.osKernelStart)
    osSystickHandler                         0x0800444d   Thumb Code    20  cmsis_os.o(i.osSystickHandler)
    osThreadCreate                           0x08004461   Thumb Code    56  cmsis_os.o(i.osThreadCreate)
    pvPortMalloc                             0x08004609   Thumb Code   182  heap_4.o(i.pvPortMalloc)
    pxPortInitialiseStack                    0x080046c5   Thumb Code    28  port.o(i.pxPortInitialiseStack)
    uxListRemove                             0x080046e5   Thumb Code    36  list.o(i.uxListRemove)
    vListInitialise                          0x08004709   Thumb Code    22  list.o(i.vListInitialise)
    vListInitialiseItem                      0x0800471f   Thumb Code     6  list.o(i.vListInitialiseItem)
    vListInsert                              0x08004725   Thumb Code    48  list.o(i.vListInsert)
    vListInsertEnd                           0x08004755   Thumb Code    24  list.o(i.vListInsertEnd)
    vPortEnterCritical                       0x0800476d   Thumb Code    42  port.o(i.vPortEnterCritical)
    vPortExitCritical                        0x080047a1   Thumb Code    30  port.o(i.vPortExitCritical)
    vPortFree                                0x080047c5   Thumb Code    68  heap_4.o(i.vPortFree)
    vPortSetupTimerInterrupt                 0x0800480d   Thumb Code    26  port.o(i.vPortSetupTimerInterrupt)
    vPortYield                               0x0800482d   Thumb Code    18  port.o(i.vPortYield)
    vTaskDelay                               0x08004845   Thumb Code    76  tasks.o(i.vTaskDelay)
    vTaskStartScheduler                      0x08004895   Thumb Code    60  tasks.o(i.vTaskStartScheduler)
    vTaskSuspendAll                          0x080048e1   Thumb Code    10  tasks.o(i.vTaskSuspendAll)
    vTaskSwitchContext                       0x080048f1   Thumb Code    74  tasks.o(i.vTaskSwitchContext)
    xPortStartScheduler                      0x08004945   Thumb Code   102  port.o(i.xPortStartScheduler)
    xPortSysTickHandler                      0x080049b9   Thumb Code    30  port.o(i.xPortSysTickHandler)
    xTaskGenericCreate                       0x080049dd   Thumb Code   380  tasks.o(i.xTaskGenericCreate)
    xTaskGetSchedulerState                   0x08004b61   Thumb Code    22  tasks.o(i.xTaskGetSchedulerState)
    xTaskIncrementTick                       0x08004b7d   Thumb Code   184  tasks.o(i.xTaskIncrementTick)
    xTaskResumeAll                           0x08004c3d   Thumb Code   162  tasks.o(i.xTaskResumeAll)
    aAPBAHBPrescTable                        0x08004d10   Data          16  stm32f1xx_hal_rcc.o(.constdata)
    Region$$Table$$Base                      0x08004d38   Number         0  anon$$obj.o(Region$$Table)
    Region$$Table$$Limit                     0x08004d58   Number         0  anon$$obj.o(Region$$Table)
    l3g4200_temp                             0x20000004   Data           2  main.o(.data)
    defaultTaskHandle                        0x20000008   Data           4  main.o(.data)
    UserTaskHandle                           0x2000000c   Data           4  main.o(.data)
    TM_Time                                  0x20000010   Data           4  tm_stm32f4_delay.o(.data)
    TM_Time2                                 0x20000014   Data           4  tm_stm32f4_delay.o(.data)
    sTime_glb                                0x20000018   Data           3  rtc_my.o(.data)
    adc_X                                    0x2000001c   Data           2  adc_my.o(.data)
    adc_Y                                    0x2000001e   Data           2  adc_my.o(.data)
    adc_Z                                    0x20000020   Data           2  adc_my.o(.data)
    SystemCoreClock                          0x20000024   Data           4  system_stm32f1xx.o(.data)
    AHBPrescTable                            0x20000028   Data          16  system_stm32f1xx.o(.data)
    pxCurrentTCB                             0x2000005c   Data           4  tasks.o(.data)
    uCRCErrorWorkaroundCheck                 0x20000094   Data           1  stm32f1xx_hal_spi_ex.o(.data)
    hpcd_USB_FS                              0x200002b8   Data        1056  usbd_conf.o(.bss)
    hspi1                                    0x200006d8   Data          88  main.o(.bss)
    htim1                                    0x20000730   Data          60  main.o(.bss)
    hrtc                                     0x2000076c   Data          20  rtc_my.o(.bss)
    hadc1                                    0x20000780   Data          48  adc_my.o(.bss)
    hi2c1                                    0x200007b0   Data          60  i2c_my.o(.bss)
    __initial_sp                             0x200018e0   Data           0  startup_stm32f103xb.o(STACK)



==============================================================================

Memory Map of the image

  Image Entry point : 0x080000ed

  Load Region LR_IROM1 (Base: 0x08000000, Size: 0x00004df4, Max: 0x00020000, ABSOLUTE)

    Execution Region ER_IROM1 (Base: 0x08000000, Size: 0x00004d58, Max: 0x00020000, ABSOLUTE)

    Base Addr    Size         Type   Attr      Idx    E Section Name        Object

    0x08000000   0x000000ec   Data   RO          502    RESET               startup_stm32f103xb.o
    0x080000ec   0x00000000   Code   RO         6597  * .ARM.Collect$$$$00000000  mc_w.l(entry.o)
    0x080000ec   0x00000004   Code   RO         6897    .ARM.Collect$$$$00000001  mc_w.l(entry2.o)
    0x080000f0   0x00000004   Code   RO         6900    .ARM.Collect$$$$00000004  mc_w.l(entry5.o)
    0x080000f4   0x00000000   Code   RO         6902    .ARM.Collect$$$$00000008  mc_w.l(entry7b.o)
    0x080000f4   0x00000000   Code   RO         6904    .ARM.Collect$$$$0000000A  mc_w.l(entry8b.o)
    0x080000f4   0x00000008   Code   RO         6905    .ARM.Collect$$$$0000000B  mc_w.l(entry9a.o)
    0x080000fc   0x00000000   Code   RO         6907    .ARM.Collect$$$$0000000D  mc_w.l(entry10a.o)
    0x080000fc   0x00000000   Code   RO         6909    .ARM.Collect$$$$0000000F  mc_w.l(entry11a.o)
    0x080000fc   0x00000004   Code   RO         6898    .ARM.Collect$$$$00002712  mc_w.l(entry2.o)
    0x08000100   0x000000a2   Code   RO         2072    .emb_text           port.o
    0x080001a2   0x00000002   PAD
    0x080001a4   0x00000024   Code   RO          503    .text               startup_stm32f103xb.o
    0x080001c8   0x00000024   Code   RO         6602    .text               mc_w.l(memcpya.o)
    0x080001ec   0x00000024   Code   RO         6604    .text               mc_w.l(memseta.o)
    0x08000210   0x0000002c   Code   RO         6914    .text               mc_w.l(uidiv.o)
    0x0800023c   0x00000024   Code   RO         6931    .text               mc_w.l(init.o)
    0x08000260   0x0000004a   Code   RO         3717    i.ADC_ConversionStop_Disable  stm32f1xx_hal_adc.o
    0x080002aa   0x00000002   PAD
    0x080002ac   0x00000070   Code   RO         3721    i.ADC_Enable        stm32f1xx_hal_adc.o
    0x0800031c   0x0000006c   Code   RO         1410    i.ADC_Init_my       adc_my.o
    0x08000388   0x00000030   Code   RO          779    i.EXTI0_IRQHandler  stm32f1xx_it.o
    0x080003b8   0x0000024c   Code   RO         3898    i.HAL_ADCEx_InjectedConfigChannel  stm32f1xx_hal_adc_ex.o
    0x08000604   0x0000002c   Code   RO         3900    i.HAL_ADCEx_InjectedGetValue  stm32f1xx_hal_adc_ex.o
    0x08000630   0x00000164   Code   RO         3723    i.HAL_ADC_ConfigChannel  stm32f1xx_hal_adc.o
    0x08000794   0x00000006   Code   RO         3730    i.HAL_ADC_GetValue  stm32f1xx_hal_adc.o
    0x0800079a   0x00000002   PAD
    0x0800079c   0x00000108   Code   RO         3732    i.HAL_ADC_Init      stm32f1xx_hal_adc.o
    0x080008a4   0x00000040   Code   RO          576    i.HAL_ADC_MspInit   stm32f1xx_hal_msp.o
    0x080008e4   0x00000110   Code   RO         3736    i.HAL_ADC_PollForConversion  stm32f1xx_hal_adc.o
    0x080009f4   0x00000088   Code   RO         3738    i.HAL_ADC_Start     stm32f1xx_hal_adc.o
    0x08000a7c   0x00000016   Code   RO         5382    i.HAL_Delay         stm32f1xx_hal.o
    0x08000a92   0x00000002   PAD
    0x08000a94   0x000001bc   Code   RO         4921    i.HAL_GPIO_Init     stm32f1xx_hal_gpio.o
    0x08000c50   0x0000000a   Code   RO         4923    i.HAL_GPIO_ReadPin  stm32f1xx_hal_gpio.o
    0x08000c5a   0x00000008   Code   RO         4924    i.HAL_GPIO_TogglePin  stm32f1xx_hal_gpio.o
    0x08000c62   0x0000000a   Code   RO         4925    i.HAL_GPIO_WritePin  stm32f1xx_hal_gpio.o
    0x08000c6c   0x0000000c   Code   RO         5386    i.HAL_GetTick       stm32f1xx_hal.o
    0x08000c78   0x000000dc   Code   RO         3421    i.HAL_I2C_Init      stm32f1xx_hal_i2c.o
    0x08000d54   0x00000044   Code   RO          578    i.HAL_I2C_MspInit   stm32f1xx_hal_msp.o
    0x08000d98   0x00000010   Code   RO         5387    i.HAL_IncTick       stm32f1xx_hal.o
    0x08000da8   0x00000024   Code   RO         5388    i.HAL_Init          stm32f1xx_hal.o
    0x08000dcc   0x00000022   Code   RO         5389    i.HAL_InitTick      stm32f1xx_hal.o
    0x08000dee   0x00000002   PAD
    0x08000df0   0x0000003c   Code   RO          579    i.HAL_MspInit       stm32f1xx_hal_msp.o
    0x08000e2c   0x00000016   Code   RO         3085    i.HAL_NVIC_EnableIRQ  stm32f1xx_hal_cortex.o
    0x08000e42   0x00000002   PAD
    0x08000e44   0x00000040   Code   RO         3091    i.HAL_NVIC_SetPriority  stm32f1xx_hal_cortex.o
    0x08000e84   0x00000024   Code   RO         3092    i.HAL_NVIC_SetPriorityGrouping  stm32f1xx_hal_cortex.o
    0x08000ea8   0x0000000e   Code   RO          878    i.HAL_PCD_DataInStageCallback  usbd_conf.o
    0x08000eb6   0x00000010   Code   RO          879    i.HAL_PCD_DataOutStageCallback  usbd_conf.o
    0x08000ec6   0x00000048   Code   RO         3210    i.HAL_PCD_EP_ClrStall  stm32f1xx_hal_pcd.o
    0x08000f0e   0x00000044   Code   RO         3213    i.HAL_PCD_EP_Open   stm32f1xx_hal_pcd.o
    0x08000f52   0x00000040   Code   RO         3214    i.HAL_PCD_EP_Receive  stm32f1xx_hal_pcd.o
    0x08000f92   0x00000056   Code   RO         3215    i.HAL_PCD_EP_SetStall  stm32f1xx_hal_pcd.o
    0x08000fe8   0x0000003e   Code   RO         3216    i.HAL_PCD_EP_Transmit  stm32f1xx_hal_pcd.o
    0x08001026   0x0000010a   Code   RO         3218    i.HAL_PCD_IRQHandler  stm32f1xx_hal_pcd.o
    0x08001130   0x0000001a   Code   RO          885    i.HAL_PCD_ResetCallback  usbd_conf.o
    0x0800114a   0x00000008   Code   RO          886    i.HAL_PCD_ResumeCallback  usbd_conf.o
    0x08001152   0x00000008   Code   RO          887    i.HAL_PCD_SOFCallback  usbd_conf.o
    0x0800115a   0x00000028   Code   RO         3227    i.HAL_PCD_SetAddress  stm32f1xx_hal_pcd.o
    0x08001182   0x0000000e   Code   RO          888    i.HAL_PCD_SetupStageCallback  usbd_conf.o
    0x08001190   0x00000024   Code   RO          889    i.HAL_PCD_SuspendCallback  usbd_conf.o
    0x080011b4   0x00000018   Code   RO         5961    i.HAL_PWR_EnableBkUpAccess  stm32f1xx_hal_pwr.o
    0x080011cc   0x000000f0   Code   RO         5218    i.HAL_RCCEx_GetPeriphCLKFreq  stm32f1xx_hal_rcc_ex.o
    0x080012bc   0x0000012c   Code   RO         5219    i.HAL_RCCEx_PeriphCLKConfig  stm32f1xx_hal_rcc_ex.o
    0x080013e8   0x00000288   Code   RO         5220    i.HAL_RCC_ClockConfig  stm32f1xx_hal_rcc_ex.o
    0x08001670   0x00000034   Code   RO         2984    i.HAL_RCC_GetHCLKFreq  stm32f1xx_hal_rcc.o
    0x080016a4   0x0000002c   Code   RO         2986    i.HAL_RCC_GetPCLK1Freq  stm32f1xx_hal_rcc.o
    0x080016d0   0x0000002c   Code   RO         2987    i.HAL_RCC_GetPCLK2Freq  stm32f1xx_hal_rcc.o
    0x080016fc   0x00000088   Code   RO         2988    i.HAL_RCC_GetSysClockFreq  stm32f1xx_hal_rcc.o
    0x08001784   0x000006ca   Code   RO         2991    i.HAL_RCC_OscConfig  stm32f1xx_hal_rcc.o
    0x08001e4e   0x00000002   Code   RO         4191    i.HAL_RTCEx_RTCEventErrorCallback  stm32f1xx_hal_rtc_ex.o
    0x08001e50   0x00000066   Code   RO         5758    i.HAL_RTC_GetAlarm  stm32f1xx_hal_rtc.o
    0x08001eb6   0x00000004   Code   RO         5760    i.HAL_RTC_GetState  stm32f1xx_hal_rtc.o
    0x08001eba   0x000000d8   Code   RO         5761    i.HAL_RTC_GetTime   stm32f1xx_hal_rtc.o
    0x08001f92   0x00000002   PAD
    0x08001f94   0x000000a0   Code   RO         5762    i.HAL_RTC_Init      stm32f1xx_hal_rtc.o
    0x08002034   0x00000044   Code   RO          581    i.HAL_RTC_MspInit   stm32f1xx_hal_msp.o
    0x08002078   0x000000e8   Code   RO         5767    i.HAL_RTC_SetAlarm_IT  stm32f1xx_hal_rtc.o
    0x08002160   0x000000c4   Code   RO         5768    i.HAL_RTC_SetDate   stm32f1xx_hal_rtc.o
    0x08002224   0x000000ac   Code   RO         5769    i.HAL_RTC_SetTime   stm32f1xx_hal_rtc.o
    0x080022d0   0x0000003a   Code   RO         5770    i.HAL_RTC_WaitForSynchro  stm32f1xx_hal_rtc.o
    0x0800230a   0x00000002   PAD
    0x0800230c   0x00000088   Code   RO         5265    i.HAL_SPI_Init      stm32f1xx_hal_spi_ex.o
    0x08002394   0x00000058   Code   RO          583    i.HAL_SPI_MspInit   stm32f1xx_hal_msp.o
    0x080023ec   0x00000018   Code   RO         3094    i.HAL_SYSTICK_CLKSourceConfig  stm32f1xx_hal_cortex.o
    0x08002404   0x00000028   Code   RO         3096    i.HAL_SYSTICK_Config  stm32f1xx_hal_cortex.o
    0x0800242c   0x00000042   Code   RO         4986    i.HAL_TIMEx_ConfigBreakDeadTime  stm32f1xx_hal_tim_ex.o
    0x0800246e   0x00000050   Code   RO         5001    i.HAL_TIMEx_MasterConfigSynchronization  stm32f1xx_hal_tim_ex.o
    0x080024be   0x00000056   Code   RO         4332    i.HAL_TIM_OC_ConfigChannel  stm32f1xx_hal_tim.o
    0x08002514   0x00000036   Code   RO         4336    i.HAL_TIM_OC_Init   stm32f1xx_hal_tim.o
    0x0800254a   0x00000002   Code   RO         4338    i.HAL_TIM_OC_MspInit  stm32f1xx_hal_tim.o
    0x0800254c   0x000000d0   Code   RO         4355    i.HAL_TIM_PWM_ConfigChannel  stm32f1xx_hal_tim.o
    0x0800261c   0x00000036   Code   RO         4358    i.HAL_TIM_PWM_Init  stm32f1xx_hal_tim.o
    0x08002652   0x00000002   PAD
    0x08002654   0x00000058   Code   RO          585    i.HAL_TIM_PWM_MspInit  stm32f1xx_hal_msp.o
    0x080026ac   0x00000030   Code   RO         1501    i.I2C1_Init_my      i2c_my.o
    0x080026dc   0x00000016   Code   RO         1535    i.I2C_AcknowledgeConfig  stm32f10x_i2c.o
    0x080026f2   0x00000018   Code   RO         1537    i.I2C_CheckEvent    stm32f10x_i2c.o
    0x0800270a   0x00000016   Code   RO         1546    i.I2C_GenerateSTART  stm32f10x_i2c.o
    0x08002720   0x00000016   Code   RO         1547    i.I2C_GenerateSTOP  stm32f10x_i2c.o
    0x08002736   0x00000006   Code   RO         1557    i.I2C_ReceiveData   stm32f10x_i2c.o
    0x0800273c   0x00000010   Code   RO         1559    i.I2C_Send7bitAddress  stm32f10x_i2c.o
    0x0800274c   0x00000004   Code   RO         1560    i.I2C_SendData      stm32f10x_i2c.o
    0x08002750   0x000000d0   Code   RO         1502    i.L3G4200_ReadReg   i2c_my.o
    0x08002820   0x00000030   Code   RO         1093    i.LM75_RW           main.o
    0x08002850   0x000000b8   Code   RO         1444    i.LM75_ReadConf     lm75.o
    0x08002908   0x000000d0   Code   RO         1445    i.LM75_ReadReg      lm75.o
    0x080029d8   0x0000003a   Code   RO         1447    i.LM75_Temperature  lm75.o
    0x08002a12   0x00000002   PAD
    0x08002a14   0x00000080   Code   RO         1448    i.LM75_WriteConf    lm75.o
    0x08002a94   0x00000108   Code   RO         1094    i.MX_GPIO_Init      main.o
    0x08002b9c   0x00000038   Code   RO         1095    i.MX_SPI1_Init      main.o
    0x08002bd4   0x00000084   Code   RO         1096    i.MX_TIM1_Init      main.o
    0x08002c58   0x00000020   Code   RO         3098    i.NVIC_SetPriority  stm32f1xx_hal_cortex.o
    0x08002c78   0x00000362   Code   RO         3232    i.PCD_EP_ISR_Handler  stm32f1xx_hal_pcd.o
    0x08002fda   0x00000002   PAD
    0x08002fdc   0x0000005c   Code   RO         1370    i.RTC_AlarmIRQ_function  rtc_my.o
    0x08003038   0x00000004   Code   RO          780    i.RTC_Alarm_IRQHandler  stm32f1xx_it.o
    0x0800303c   0x00000012   Code   RO         5771    i.RTC_Bcd2ToByte    stm32f1xx_hal_rtc.o
    0x0800304e   0x00000016   Code   RO         5772    i.RTC_ByteToBcd2    stm32f1xx_hal_rtc.o
    0x08003064   0x000000ae   Code   RO         5773    i.RTC_DateUpdate    stm32f1xx_hal_rtc.o
    0x08003112   0x00000034   Code   RO         5774    i.RTC_EnterInitMode  stm32f1xx_hal_rtc.o
    0x08003146   0x00000002   PAD
    0x08003148   0x00000036   Code   RO         5775    i.RTC_ExitInitMode  stm32f1xx_hal_rtc.o
    0x0800317e   0x00000004   Code   RO          781    i.RTC_IRQHandler    stm32f1xx_it.o
    0x08003182   0x00000002   PAD
    0x08003184   0x0000004c   Code   RO         1371    i.RTC_IRQ_function  rtc_my.o
    0x080031d0   0x0000000e   Code   RO         5776    i.RTC_ReadAlarmCounter  stm32f1xx_hal_rtc.o
    0x080031de   0x00000020   Code   RO         5777    i.RTC_ReadTimeCounter  stm32f1xx_hal_rtc.o
    0x080031fe   0x00000056   Code   RO         5778    i.RTC_WeekDayNum    stm32f1xx_hal_rtc.o
    0x08003254   0x00000028   Code   RO         5779    i.RTC_WriteAlarmCounter  stm32f1xx_hal_rtc.o
    0x0800327c   0x00000028   Code   RO         5780    i.RTC_WriteTimeCounter  stm32f1xx_hal_rtc.o
    0x080032a4   0x00000094   Code   RO         1372    i.RTC_my_Init       rtc_my.o
    0x08003338   0x000000bc   Code   RO         1097    i.StartDefaultTask  main.o
    0x080033f4   0x0000002c   Code   RO          782    i.SysTick_Handler   stm32f1xx_it.o
    0x08003420   0x0000006a   Code   RO         1098    i.SystemClock_Config  main.o
    0x0800348a   0x00000002   PAD
    0x0800348c   0x00000048   Code   RO         1733    i.SystemInit        system_stm32f1xx.o
    0x080034d4   0x00000064   Code   RO         4373    i.TIM_Base_SetConfig  stm32f1xx_hal_tim.o
    0x08003538   0x00000050   Code   RO         4382    i.TIM_OC1_SetConfig  stm32f1xx_hal_tim.o
    0x08003588   0x00000058   Code   RO         4383    i.TIM_OC2_SetConfig  stm32f1xx_hal_tim.o
    0x080035e0   0x00000058   Code   RO         4384    i.TIM_OC3_SetConfig  stm32f1xx_hal_tim.o
    0x08003638   0x00000044   Code   RO         4385    i.TIM_OC4_SetConfig  stm32f1xx_hal_tim.o
    0x0800367c   0x0000000e   Code   RO          300    i.USBD_ClrClassConfig  usbd_core.o
    0x0800368a   0x00000010   Code   RO          240    i.USBD_CtlContinueRx  usbd_ioreq.o
    0x0800369a   0x00000010   Code   RO          241    i.USBD_CtlContinueSendData  usbd_ioreq.o
    0x080036aa   0x00000016   Code   RO          438    i.USBD_CtlError     usbd_ctlreq.o
    0x080036c0   0x00000016   Code   RO          243    i.USBD_CtlReceiveStatus  usbd_ioreq.o
    0x080036d6   0x0000001a   Code   RO          244    i.USBD_CtlSendData  usbd_ioreq.o
    0x080036f0   0x00000016   Code   RO          245    i.USBD_CtlSendStatus  usbd_ioreq.o
    0x08003706   0x000000e0   Code   RO          439    i.USBD_GetDescriptor  usbd_ctlreq.o
    0x080037e6   0x0000000e   Code   RO          890    i.USBD_LL_ClearStallEP  usbd_conf.o
    0x080037f4   0x000000a0   Code   RO          303    i.USBD_LL_DataInStage  usbd_core.o
    0x08003894   0x0000006a   Code   RO          304    i.USBD_LL_DataOutStage  usbd_core.o
    0x080038fe   0x0000001c   Code   RO          897    i.USBD_LL_IsStallEP  usbd_conf.o
    0x0800391a   0x00000014   Code   RO          898    i.USBD_LL_OpenEP    usbd_conf.o
    0x0800392e   0x0000000e   Code   RO          899    i.USBD_LL_PrepareReceive  usbd_conf.o
    0x0800393c   0x0000003e   Code   RO          309    i.USBD_LL_Reset     usbd_core.o
    0x0800397a   0x0000000c   Code   RO          310    i.USBD_LL_Resume    usbd_core.o
    0x08003986   0x00000018   Code   RO          311    i.USBD_LL_SOF       usbd_core.o
    0x0800399e   0x00000006   Code   RO          312    i.USBD_LL_SetSpeed  usbd_core.o
    0x080039a4   0x0000000e   Code   RO          900    i.USBD_LL_SetUSBAddress  usbd_conf.o
    0x080039b2   0x0000005a   Code   RO          313    i.USBD_LL_SetupStage  usbd_core.o
    0x08003a0c   0x0000000e   Code   RO          901    i.USBD_LL_StallEP   usbd_conf.o
    0x08003a1a   0x00000012   Code   RO          314    i.USBD_LL_Suspend   usbd_core.o
    0x08003a2c   0x0000000e   Code   RO          904    i.USBD_LL_Transmit  usbd_conf.o
    0x08003a3a   0x00000028   Code   RO          441    i.USBD_ParseSetupRequest  usbd_ctlreq.o
    0x08003a62   0x00000016   Code   RO          317    i.USBD_SetClassConfig  usbd_core.o
    0x08003a78   0x00000074   Code   RO          442    i.USBD_SetConfig    usbd_ctlreq.o
    0x08003aec   0x000000f2   Code   RO          443    i.USBD_StdDevReq    usbd_ctlreq.o
    0x08003bde   0x000000c0   Code   RO          444    i.USBD_StdEPReq     usbd_ctlreq.o
    0x08003c9e   0x00000034   Code   RO          445    i.USBD_StdItfReq    usbd_ctlreq.o
    0x08003cd2   0x0000025c   Code   RO         3993    i.USB_ActivateEndpoint  stm32f1xx_ll_usb.o
    0x08003f2e   0x00000004   Code   RO         4003    i.USB_EP0_OutStart  stm32f1xx_ll_usb.o
    0x08003f32   0x0000006a   Code   RO         4004    i.USB_EPClearStall  stm32f1xx_ll_usb.o
    0x08003f9c   0x0000004a   Code   RO         4005    i.USB_EPSetStall    stm32f1xx_ll_usb.o
    0x08003fe6   0x00000002   PAD
    0x08003fe8   0x00000148   Code   RO         4006    i.USB_EPStartXfer   stm32f1xx_ll_usb.o
    0x08004130   0x0000000c   Code   RO          783    i.USB_LP_CAN1_RX0_IRQHandler  stm32f1xx_it.o
    0x0800413c   0x00000006   Code   RO         4014    i.USB_ReadInterrupts  stm32f1xx_ll_usb.o
    0x08004142   0x00000002   PAD
    0x08004144   0x0000001e   Code   RO         4015    i.USB_ReadPMA       stm32f1xx_ll_usb.o
    0x08004162   0x0000000c   Code   RO         4018    i.USB_SetDevAddress  stm32f1xx_ll_usb.o
    0x0800416e   0x00000026   Code   RO         4020    i.USB_WritePMA      stm32f1xx_ll_usb.o
    0x08004194   0x00000008   Code   RO         1099    i.UserDefaultTask   main.o
    0x0800419c   0x00000070   Code   RO         1411    i.Work_with_ADC     adc_my.o
    0x0800420c   0x00000028   Code   RO         6655    i.__0sprintf$1      mc_w.l(printf1.o)
    0x08004234   0x0000000e   Code   RO         6943    i.__scatterload_copy  mc_w.l(handlers.o)
    0x08004242   0x00000002   Code   RO         6944    i.__scatterload_null  mc_w.l(handlers.o)
    0x08004244   0x0000000e   Code   RO         6945    i.__scatterload_zeroinit  mc_w.l(handlers.o)
    0x08004252   0x00000002   PAD
    0x08004254   0x00000154   Code   RO         6660    i._printf_core      mc_w.l(printf1.o)
    0x080043a8   0x0000000a   Code   RO         6662    i._sputc            mc_w.l(printf1.o)
    0x080043b2   0x00000002   PAD
    0x080043b4   0x00000074   Code   RO         1100    i.main              main.o
    0x08004428   0x0000000c   Code   RO         1766    i.makeFreeRtosPriority  cmsis_os.o
    0x08004434   0x0000000e   Code   RO         1767    i.osDelay           cmsis_os.o
    0x08004442   0x0000000a   Code   RO         1770    i.osKernelStart     cmsis_os.o
    0x0800444c   0x00000014   Code   RO         1797    i.osSystickHandler  cmsis_os.o
    0x08004460   0x00000038   Code   RO         1798    i.osThreadCreate    cmsis_os.o
    0x08004498   0x00000034   Code   RO         2515    i.prvAddCurrentTaskToDelayedList  tasks.o
    0x080044cc   0x00000054   Code   RO         2516    i.prvCheckTasksWaitingTermination  tasks.o
    0x08004520   0x0000004c   Code   RO         2143    i.prvHeapInit       heap_4.o
    0x0800456c   0x00000018   Code   RO         2517    i.prvIdleTask       tasks.o
    0x08004584   0x0000004c   Code   RO         2144    i.prvInsertBlockIntoFreeList  heap_4.o
    0x080045d0   0x00000020   Code   RO         2519    i.prvResetNextTaskUnblockTime  tasks.o
    0x080045f0   0x00000018   Code   RO         2073    i.prvTaskExitError  port.o
    0x08004608   0x000000bc   Code   RO         2145    i.pvPortMalloc      heap_4.o
    0x080046c4   0x00000020   Code   RO         2074    i.pxPortInitialiseStack  port.o
    0x080046e4   0x00000024   Code   RO         2207    i.uxListRemove      list.o
    0x08004708   0x00000016   Code   RO         2208    i.vListInitialise   list.o
    0x0800471e   0x00000006   Code   RO         2209    i.vListInitialiseItem  list.o
    0x08004724   0x00000030   Code   RO         2210    i.vListInsert       list.o
    0x08004754   0x00000018   Code   RO         2211    i.vListInsertEnd    list.o
    0x0800476c   0x00000034   Code   RO         2076    i.vPortEnterCritical  port.o
    0x080047a0   0x00000024   Code   RO         2077    i.vPortExitCritical  port.o
    0x080047c4   0x00000048   Code   RO         2146    i.vPortFree         heap_4.o
    0x0800480c   0x00000020   Code   RO         2078    i.vPortSetupTimerInterrupt  port.o
    0x0800482c   0x00000018   Code   RO         2080    i.vPortYield        port.o
    0x08004844   0x00000050   Code   RO         2527    i.vTaskDelay        tasks.o
    0x08004894   0x0000004c   Code   RO         2538    i.vTaskStartScheduler  tasks.o
    0x080048e0   0x00000010   Code   RO         2540    i.vTaskSuspendAll   tasks.o
    0x080048f0   0x00000054   Code   RO         2541    i.vTaskSwitchContext  tasks.o
    0x08004944   0x00000074   Code   RO         2081    i.xPortStartScheduler  port.o
    0x080049b8   0x00000024   Code   RO         2082    i.xPortSysTickHandler  port.o
    0x080049dc   0x00000184   Code   RO         2543    i.xTaskGenericCreate  tasks.o
    0x08004b60   0x0000001c   Code   RO         2545    i.xTaskGetSchedulerState  tasks.o
    0x08004b7c   0x000000c0   Code   RO         2548    i.xTaskIncrementTick  tasks.o
    0x08004c3c   0x000000ac   Code   RO         2552    i.xTaskResumeAll    tasks.o
    0x08004ce8   0x00000028   Data   RO         1106    .constdata          main.o
    0x08004d10   0x00000010   Data   RO         2992    .constdata          stm32f1xx_hal_rcc.o
    0x08004d20   0x00000018   Data   RO         1107    .conststring        main.o
    0x08004d38   0x00000020   Data   RO         6941    Region$$Table       anon$$obj.o


    Execution Region RW_IRAM1 (Base: 0x20000000, Size: 0x000018e0, Max: 0x00005000, ABSOLUTE)

    Base Addr    Size         Type   Attr      Idx    E Section Name        Object

    0x20000000   0x00000001   Data   RW          446    .data               usbd_ctlreq.o
    0x20000001   0x00000003   PAD
    0x20000004   0x0000000c   Data   RW         1109    .data               main.o
    0x20000010   0x00000004   Data   RW         1333    .data               tm_stm32f4_delay.o
    0x20000014   0x00000004   Data   RW         1334    .data               tm_stm32f4_delay.o
    0x20000018   0x00000003   Data   RW         1374    .data               rtc_my.o
    0x2000001b   0x00000001   PAD
    0x2000001c   0x00000006   Data   RW         1413    .data               adc_my.o
    0x20000022   0x00000002   PAD
    0x20000024   0x00000014   Data   RW         1734    .data               system_stm32f1xx.o
    0x20000038   0x0000000c   Data   RW         2083    .data               port.o
    0x20000044   0x00000018   Data   RW         2151    .data               heap_4.o
    0x2000005c   0x00000038   Data   RW         2555    .data               tasks.o
    0x20000094   0x00000001   Data   RW         5267    .data               stm32f1xx_hal_spi_ex.o
    0x20000095   0x00000003   PAD
    0x20000098   0x00000004   Data   RW         5394    .data               stm32f1xx_hal.o
    0x2000009c   0x0000063c   Zero   RW          907    .bss                usbd_conf.o
    0x200006d8   0x00000094   Zero   RW         1101    .bss                main.o
    0x2000076c   0x00000014   Zero   RW         1373    .bss                rtc_my.o
    0x20000780   0x00000030   Zero   RW         1412    .bss                adc_my.o
    0x200007b0   0x0000003c   Zero   RW         1503    .bss                i2c_my.o
    0x200007ec   0x00000c00   Zero   RW         2150    .bss                heap_4.o
    0x200013ec   0x000000f0   Zero   RW         2554    .bss                tasks.o
    0x200014dc   0x00000004   PAD
    0x200014e0   0x00000400   Zero   RW          500    STACK               startup_stm32f103xb.o


==============================================================================

Image component sizes


      Code (inc. data)   RO Data    RW Data    ZI Data      Debug   Object Name

       220         22          0          6         48       1376   adc_my.o
       112          0          0          0          0       7624   cmsis_os.o
       412         24          0         24       3072       5451   heap_4.o
       256         26          0          0         60       1241   i2c_my.o
       136          0          0          0          0       3190   list.o
       578         38          0          0          0       2223   lm75.o
       918         74         64         12        148      30771   main.o
       514         68          0         12          0       7825   port.o
       316         32          0          3         20       1822   rtc_my.o
        36          8        236          0       1024        888   startup_stm32f103xb.o
       116          0          0          0          0       4935   stm32f10x_i2c.o
       120         16          0          4          0       3550   stm32f1xx_hal.o
      1220         48          0          0          0       5808   stm32f1xx_hal_adc.o
       632         14          0          0          0       2307   stm32f1xx_hal_adc_ex.o
       218         14          0          0          0      25821   stm32f1xx_hal_cortex.o
       472         36          0          0          0       3820   stm32f1xx_hal_gpio.o
       220          8          0          0          0       2027   stm32f1xx_hal_i2c.o
       436         80          0          0          0       3796   stm32f1xx_hal_msp.o
      1524          0          0          0          0       6467   stm32f1xx_hal_pcd.o
        24          4          0          0          0        511   stm32f1xx_hal_pwr.o
      2014         76         16          0          0       4862   stm32f1xx_hal_rcc.o
      1188         56          0          0          0       3655   stm32f1xx_hal_rcc_ex.o
      1672         22          0          0          0      12666   stm32f1xx_hal_rtc.o
         2          0          0          0          0        922   stm32f1xx_hal_rtc_ex.o
       136          4          0          1          0       1322   stm32f1xx_hal_spi_ex.o
       828         34          0          0          0       7706   stm32f1xx_hal_tim.o
       146          0          0          0          0       1904   stm32f1xx_hal_tim_ex.o
       112         30          0          0          0      21026   stm32f1xx_it.o
      1202          0          0          0          0       6814   stm32f1xx_ll_usb.o
        72         16          0         20          0       1333   system_stm32f1xx.o
      1228         90          0         56        240      12142   tasks.o
         0          0          0          8          0        684   tm_stm32f4_delay.o
         0          0          0          0          0      75300   usb_device.o
         0          0          0          0          0     223160   usbd_cdc.o
       240          6          0          0       1596       8052   usbd_conf.o
       514          0          0          0          0       6546   usbd_core.o
       888         30          0          1          0       5791   usbd_ctlreq.o
       102          0          0          0          0       3392   usbd_ioreq.o

    ----------------------------------------------------------------------
     18856        876        348        156       6212     518730   Object Totals
         0          0         32          0          0          0   (incl. Generated)
        32          0          0          9          4          0   (incl. Padding)

    ----------------------------------------------------------------------

      Code (inc. data)   RO Data    RW Data    ZI Data      Debug   Library Member Name

         0          0          0          0          0          0   entry.o
         0          0          0          0          0          0   entry10a.o
         0          0          0          0          0          0   entry11a.o
         8          4          0          0          0          0   entry2.o
         4          0          0          0          0          0   entry5.o
         0          0          0          0          0          0   entry7b.o
         0          0          0          0          0          0   entry8b.o
         8          4          0          0          0          0   entry9a.o
        30          0          0          0          0          0   handlers.o
        36          8          0          0          0         68   init.o
        36          0          0          0          0         68   memcpya.o
        36          0          0          0          0        108   memseta.o
       390         10          0          0          0        252   printf1.o
        44          0          0          0          0         80   uidiv.o

    ----------------------------------------------------------------------
       596         26          0          0          0        576   Library Totals
         4          0          0          0          0          0   (incl. Padding)

    ----------------------------------------------------------------------

      Code (inc. data)   RO Data    RW Data    ZI Data      Debug   Library Name

       592         26          0          0          0        576   mc_w.l

    ----------------------------------------------------------------------
       596         26          0          0          0        576   Library Totals

    ----------------------------------------------------------------------

==============================================================================


      Code (inc. data)   RO Data    RW Data    ZI Data      Debug   

     19452        902        348        156       6212     509422   Grand Totals
     19452        902        348        156       6212     509422   ELF Image Totals
     19452        902        348        156          0          0   ROM Totals

==============================================================================

    Total RO  Size (Code + RO Data)                19800 (  19.34kB)
    Total RW  Size (RW Data + ZI Data)              6368 (   6.22kB)
    Total ROM Size (Code + RO Data + RW Data)      19956 (  19.49kB)

==============================================================================

